Synthesis report
Thu Apr 23 21:25:20 2026
Quartus Prime Version 25.3.0 Build 109 09/24/2025 SC Pro Edition


---------------------
; Table of Contents ;
---------------------
  1. Legal Notice
  2. Synthesis Summary
  3. Synthesis Settings
  4. Synthesis Source Files Read
  5. Synthesis Partition Summary
---- Analysis & Elaboration Stage Reports ----
       6. Hierarchies Optimized Away During Sweep
       7. Top Causes of Logic Optimized Away During Sweep
---- Logic Synthesis Stage Reports ----
       8. Partition "root_partition" Resource Utilization by Entity
       9. State Machine - Summary
      10. State Machine - rx_inst|state
      11. State Machine - tx_inst|state
      12. Registers Removed During Synthesis
      13. Removed Registers Triggering Further Register Optimizations
      14. General Register Statistics for Partition "root_partition"
      15. Multiplexer Restructuring Statistics (Restructuring Performed)
      16. Post-Synthesis Netlist Statistics for Partition "root_partition"
      17. Synthesis Resource Usage Summary for Partition "root_partition"
 18. Warnings for eth_top.v
 19. Warnings for mac_rx.v
 20. Warnings for mac_tx.v
 21. Warnings for mii_intf.v
 22. General Warnings
 23. Synthesis Messages



----------------
; Legal Notice ;
----------------
Copyright (C) 2025  Altera Corporation. All rights reserved.
Your use of Altera Corporation's design tools, logic functions 
and other software and tools, and any partner logic 
functions, and any output files from any of the foregoing 
(including device programming or simulation files), and any 
associated documentation or information are expressly subject 
to the terms and conditions of the Altera Program License 
Subscription Agreement, the Altera Quartus Prime License Agreement,
the Altera IP License Agreement, or other applicable license
agreement, including, without limitation, that your use is for
the sole purpose of programming logic devices manufactured by
Altera and sold by Altera or its authorized distributors.  Please
refer to the Altera Software License Subscription Agreements 
on the Quartus Prime software download page.



+-----------------------------------------------------------------------------------+
; Synthesis Summary                                                                 ;
+--------------------------------------+--------------------------------------------+
; Synthesis Status                     ; Successful - Thu Apr 23 21:25:19 2026      ;
; Revision Name                        ; ethernet_mac                               ;
; Top-level Entity Name                ; eth_top                                    ;
; Family                               ; Cyclone 10 GX                              ;
; Quartus Prime Version                ; 25.3.0 Build 109 09/24/2025 SC Pro Edition ;
; Device                               ; 10CX085YU484E5G                            ;
; Logic utilization estimate (in ALMs) ; 77 / 31,000 ( < 1 % )                      ;
; Total registers                      ; 25                                         ;
; Estimated DSP Blocks Post-Merging    ; 0                                          ;
+--------------------------------------+--------------------------------------------+


+-------------------------------------------------------------------------------------------------------------------------------------+
; Synthesis Settings                                                                                                                  ;
+---------------------------------------------------------------------------------+-------------------------+-------------------------+
; Option                                                                          ; Setting                 ; Default Value           ;
+---------------------------------------------------------------------------------+-------------------------+-------------------------+
; Device                                                                          ; 10CX085YU484E5G         ;                         ;
; Top-level entity name                                                           ; eth_top                 ; ethernet_mac            ;
; Family name                                                                     ; Cyclone 10 GX           ; Cyclone 10 GX           ;
; Maximum processors allowed for parallel compilation                             ; 4                       ;                         ;
; Enable parallel Assembler and Timing Analyzer during compilation                ; On                      ; On                      ;
; Enable compact report table                                                     ; Off                     ; Off                     ;
; Design Assistant include IP blocks                                              ; Off                     ; Off                     ;
; High fanout net threshold for RAM inference                                     ; 15                      ; 15                      ;
; Design Assistant limit on reported violations per rule                          ; 5000                    ; 5000                    ;
; Optimization Mode                                                               ; Balanced                ; Balanced                ;
; Allow Register Merging                                                          ; On                      ; On                      ;
; Allow Register Duplication                                                      ; On                      ; On                      ;
; Allow Register Retiming                                                         ; On                      ; On                      ;
; Restructure Multiplexers                                                        ; Auto                    ; Auto                    ;
; Waive gated clock synchronizer check                                            ; On                      ; On                      ;
; MLAB Add Timing Constraints For Mixed-Port Feed-Through Mode Setting Don't Care ; Off                     ; Off                     ;
; Preserve fewer node names                                                       ; On                      ; On                      ;
; Intel FPGA IP Evaluation Mode                                                   ; Enable                  ; Enable                  ;
; Verilog Version                                                                 ; Verilog_2001            ; Verilog_2001            ;
; VHDL Version                                                                    ; VHDL_1993               ; VHDL_1993               ;
; State Machine Processing                                                        ; Auto                    ; Auto                    ;
; Safe State Machine                                                              ; Auto                    ; Auto                    ;
; Iteration limit for constant Verilog loops                                      ; 5000                    ; 5000                    ;
; Iteration limit for non-constant Verilog loops                                  ; 250                     ; 250                     ;
; Infer RAMs from Raw Logic                                                       ; On                      ; On                      ;
; DSP Action on miss                                                              ; Ignore                  ; Ignore                  ;
; DSP Block Balancing                                                             ; Auto                    ; Auto                    ;
; NOT Gate Push-Back                                                              ; On                      ; On                      ;
; Power-Up Don't Care                                                             ; On                      ; On                      ;
; Remove Redundant Logic Cells                                                    ; Off                     ; Off                     ;
; Remove Duplicate Registers                                                      ; On                      ; On                      ;
; Ignore GLOBAL Buffers                                                           ; Off                     ; Off                     ;
; Ignore LCELL Buffers                                                            ; Off                     ; Off                     ;
; Ignore SOFT Buffers                                                             ; On                      ; On                      ;
; Optimization Technique                                                          ; Balanced                ; Balanced                ;
; Auto Open-Drain Pins                                                            ; On                      ; On                      ;
; Perform WYSIWYG Primitive Resynthesis                                           ; Off                     ; Off                     ;
; Auto ROM Replacement                                                            ; On                      ; On                      ;
; Auto RAM Replacement                                                            ; On                      ; On                      ;
; Auto DSP Block Replacement                                                      ; On                      ; On                      ;
; Auto Shift Register Replacement                                                 ; Auto                    ; Auto                    ;
; Allow Shift Register Merging across Hierarchies                                 ; Auto                    ; Auto                    ;
; Auto Clock Enable Replacement                                                   ; On                      ; On                      ;
; Strict RAM Replacement                                                          ; Off                     ; Off                     ;
; Allow Synchronous Control Signals                                               ; On                      ; On                      ;
; Force Use of Synchronous Clear Signals                                          ; Off                     ; Off                     ;
; Auto Resource Sharing                                                           ; Off                     ; Off                     ;
; Allow Any RAM Size For Recognition                                              ; Off                     ; Off                     ;
; Allow Any Shift Register Size For Recognition                                   ; Off                     ; Off                     ;
; Ignore translate_off and synthesis_off directives                               ; Off                     ; Off                     ;
; Timing-Driven Synthesis                                                         ; On                      ; On                      ;
; Report Propagation of Constraints                                               ; On                      ; On                      ;
; Ignore Maximum Fan-Out Assignments                                              ; Off                     ; Off                     ;
; Maximum Synchronizer Length Protected during Optimization                       ; 3                       ; 3                       ;
; Power Optimization During Synthesis                                             ; Normal compilation      ; Normal compilation      ;
; HDL message level                                                               ; Level2                  ; Level2                  ;
; Number of Protected Registers Reported in Synthesis Report                      ; 100                     ; 100                     ;
; Number of Removed Registers Reported in Synthesis Report                        ; 5000                    ; 5000                    ;
; Number of Optimized Away Hierarchies Reported in Synthesis Report               ; 100                     ; 100                     ;
; Number of Top Root Causes Reported in Synthesis Report                          ; 10                      ; 10                      ;
; Group Identical Hierarchies in Optimized Away Hierarchies Report                ; On                      ; On                      ;
; Number of Swept Nodes Reported in Synthesis Report                              ; 5000                    ; 5000                    ;
; Number of Inverted Registers Reported in Synthesis Report                       ; 100                     ; 100                     ;
; Clock MUX Protection                                                            ; On                      ; On                      ;
; Auto Gated Clock Conversion                                                     ; Off                     ; Off                     ;
; Block Design Naming                                                             ; Auto                    ; Auto                    ;
; SDC constraint protection                                                       ; Off                     ; Off                     ;
; Optimization and Constraint Precedence                                          ; Prioritize Optimization ; Prioritize Optimization ;
; Synthesis Effort                                                                ; Auto                    ; Auto                    ;
; Shift Register Replacement - Allow Asynchronous Clear Signal                    ; On                      ; On                      ;
; Analysis & Synthesis Message Level                                              ; Medium                  ; Medium                  ;
; Disable Register Merging Across Hierarchies                                     ; Auto                    ; Auto                    ;
; Resource Aware Inference For Block RAM                                          ; On                      ; On                      ;
; Automatic Parallel Synthesis                                                    ; On                      ; On                      ;
; Partial Reconfiguration Bitstream ID                                            ; Off                     ; Off                     ;
; Disable DSP Negate Inferencing                                                  ; Off                     ; Off                     ;
; Report Parameter Settings                                                       ; On                      ; On                      ;
; Report Parameter Settings to ASCII                                              ; On                      ; On                      ;
; Report Source Assignments                                                       ; On                      ; On                      ;
; Report Source Assignments to ASCII                                              ; On                      ; On                      ;
; Report Resource Utilization by Entity to ASCII                                  ; On                      ; On                      ;
; Size of the Latch Report                                                        ; 100                     ; 100                     ;
; Enable VHDL static assertion support                                            ; Off                     ; Off                     ;
; Enable SystemVerilog static assertion support                                   ; Off                     ; Off                     ;
; Enable State Machines Inference                                                 ; On                      ; On                      ;
; Allow RAMs Inferred In Generate-For Loop For Verilog                            ; Off                     ; Off                     ;
; Enable formal verification support during compilation                           ; Off                     ; Off                     ;
; Size of the PR Initial Conditions Report                                        ; 100                     ; 100                     ;
; Number of Registers with Ignored Power-Up Settings Reported in Synthesis Report ; 500                     ; 500                     ;
; Report PR Initial Values as Errors                                              ; Off                     ; Off                     ;
; Fractal Synthesis                                                               ; Off                     ; Off                     ;
; Synthesis Available Resource Multiplier                                         ; 1                       ; 1                       ;
; Message Level for Unconnected Output Ports                                      ; Warning                 ; Warning                 ;
; Pack Barrelshifters into Carry Chains for Better Area                           ; Auto                    ; Auto                    ;
; Initialize Verilog enums to X                                                   ; Off                     ; Off                     ;
; Enable dynamic report                                                           ; Off                     ; Off                     ;
; Show Collapsible Rows in Ascii Report for Warning Summary Reports               ; On                      ; On                      ;
; Enable RTL Analysis Debug Mode                                                  ; Off                     ; Off                     ;
; Enable preserve for debug assignments                                           ; Off                     ; Off                     ;
+---------------------------------------------------------------------------------+-------------------------+-------------------------+


+----------------------------------------------------------------------------------------------------------------------------------------------------------------------------------------------------------------------------------------------------------------------------------------------+
; Synthesis Source Files Read                                                                                                                                                                                                                                                                  ;
+----------------------------------+-----------------------------------------------------------------------------+----------------------------------------------------------------------------------------------------+---------+-----------+---------------+----------------------------------+
; File Name with User-Entered Path ; File Type                                                                   ; File Name with Absolute Path                                                                       ; Library ; IP Source ; Include Files ; MD5                              ;
+----------------------------------+-----------------------------------------------------------------------------+----------------------------------------------------------------------------------------------------+---------+-----------+---------------+----------------------------------+
; crc32.v                          ; User-Specified Verilog HDL File                                             ; C:/Users/tcove/OneDrive/Desktop/Projects/CovertEDA-Examples/quartus/ethernet_mac/.build/crc32.v    ;         ;           ;               ; 2c1d627b7091bd68d6e11fc706f63773 ;
; eth_top.v                        ; User-Specified Verilog HDL File                                             ; C:/Users/tcove/OneDrive/Desktop/Projects/CovertEDA-Examples/quartus/ethernet_mac/.build/eth_top.v  ;         ;           ;               ; 791e5fbfe8b4171245923eba7571256d ;
; mac_rx.v                         ; User-Specified Verilog HDL File                                             ; C:/Users/tcove/OneDrive/Desktop/Projects/CovertEDA-Examples/quartus/ethernet_mac/.build/mac_rx.v   ;         ;           ;               ; 085d4fbdafb08835cfe84e66855fd540 ;
; mac_tx.v                         ; User-Specified Verilog HDL File                                             ; C:/Users/tcove/OneDrive/Desktop/Projects/CovertEDA-Examples/quartus/ethernet_mac/.build/mac_tx.v   ;         ;           ;               ; b71228a1c60b8176bcc7d69e0e146f20 ;
; mii_intf.v                       ; User-Specified Verilog HDL File                                             ; C:/Users/tcove/OneDrive/Desktop/Projects/CovertEDA-Examples/quartus/ethernet_mac/.build/mii_intf.v ;         ;           ;               ; c993dcb818187dcb99ecd9ef23d6e52f ;
; eth.sdc                          ; User-Specified SDC File (Read by the Timing Analyzer at each fitter stage)  ; C:/Users/tcove/OneDrive/Desktop/Projects/CovertEDA-Examples/quartus/ethernet_mac/.build/eth.sdc    ;         ;           ;               ; 50de22211f84fd05c1369d0487a72466 ;
+----------------------------------+-----------------------------------------------------------------------------+----------------------------------------------------------------------------------------------------+---------+-----------+---------------+----------------------------------+


+--------------------------------------------------------------------------------------------+
; Synthesis Partition Summary                                                                ;
+----------------+----------------+---------+--------------+-------+-------------------------+
; Partition Name ; Hierarchy Path ; Type    ; Preservation ; Empty ; Partition Database File ;
+----------------+----------------+---------+--------------+-------+-------------------------+
; root_partition ; |              ; Default ;              ;       ;                         ;
+----------------+----------------+---------+--------------+-------+-------------------------+


Hierarchies have been optimized away during sweep. For more details and filtering options, ensure that you have compiled with the "Enable RTL Analysis Debug Mode " setting turned on under Assignments->Settings->Compiler Settings, then use the " Sweep Hints Viewer " tool in the " RTL Analyzer ".
+-----------------------------------------------------------------------------------------+
; Hierarchies Optimized Away During Sweep                                                 ;
+-------------+--------------------+------------------------------+-----------------------+
; Entity Name ; Number of Instance ; Number of Gates before Sweep ; Sample Hierarchy Name ;
+-------------+--------------------+------------------------------+-----------------------+
; mii_intf    ; 1                  ; 4                            ; mii_inst              ;
+-------------+--------------------+------------------------------+-----------------------+


Top root causes of logic optimization that have been identified during sweep. For more details and filtering options, ensure that you have compiled with the "Enable RTL Analysis Debug Mode " setting turned on under Assignments->Settings->Compiler Settings, then go to the " Root Causes Tab " in the " Sweep Hints Viewer " tool in the " RTL Analyzer ".
+-----------------------------------------------------------------------------------------------------+
; Top Causes of Logic Optimized Away During Sweep                                                     ;
+----------------------+------------------+-------------------------------------+---------------------+
; Root Object Path     ; Root Object Type ; Root Reason                         ; Swept Objects Count ;
+----------------------+------------------+-------------------------------------+---------------------+
; mii_inst|tx_clk      ; OUTPUT_INST_PORT ; lost_fanout                         ; 5                   ;
; mii_inst|rx_clk      ; OUTPUT_INST_PORT ; lost_fanout                         ; 4                   ;
; rx_inst|is_last_byte ; NET              ; undriven net set to default value 0 ; 3                   ;
; tx_inst|mii_txd[2]   ; OUTPUT_PORT      ; stuck at 0                          ; 2                   ;
; tx_inst|mii_txd[1]   ; OUTPUT_PORT      ; stuck at 0                          ; 2                   ;
; tx_inst|mii_txd[0]   ; OUTPUT_PORT      ; stuck at 0                          ; 2                   ;
; tx_inst|mii_tx_er    ; OUTPUT_PORT      ; stuck at 0                          ; 2                   ;
; tx_inst|clk          ; INPUT_PORT       ; has no fanout                       ; 1                   ;
; rx_inst|clk          ; INPUT_PORT       ; has no fanout                       ; 1                   ;
; tx_inst|mac_addr[47] ; INPUT_PORT       ; has no fanout                       ; 1                   ;
+----------------------+------------------+-------------------------------------+---------------------+
Table limited at 10 items. To change the number of top root causes reported, set the "Number of Top Root Causes Reported in Synthesis Report " option under Assignments->Settings->Compiler Settings->Advanced Settings (Synthesis)


+-------------------------------------------------------------------------------------------------------------------------------------------------------------------------------------------------------------+
; Partition "root_partition" Resource Utilization by Entity                                                                                                                                                   ;
+----------------------------+---------------------+---------------------------+-------------------+------------+------+--------------+--------+-----------+---------------------+-------------+--------------+
; Compilation Hierarchy Node ; Combinational ALUTs ; Dedicated Logic Registers ; Block Memory Bits ; DSP Blocks ; Pins ; Virtual Pins ; IOPLLs ; Max Depth ; Full Hierarchy Name ; Entity Name ; Library Name ;
+----------------------------+---------------------+---------------------------+-------------------+------------+------+--------------+--------+-----------+---------------------+-------------+--------------+
; |                          ; 40 (1)              ; 25 (0)                    ; 0                 ; 0          ; 101  ; 0            ; 0 (0)  ; 3.0 (2.0) ; |                   ; eth_top     ; altera_work  ;
;    |tx_inst|               ; 39 (39)             ; 25 (25)                   ; 0                 ; 0          ; 0    ; 0            ; 0 (0)  ; 3.0 (3.0) ; tx_inst             ; mac_tx      ; altera_work  ;
+----------------------------+---------------------+---------------------------+-------------------+------------+------+--------------+--------+-----------+---------------------+-------------+--------------+
Note: For table entries with two numbers listed, the numbers in parentheses indicate the number of resources of the given type used by the specific entity alone. The numbers listed outside of parentheses indicate the total resources of the given type used by the specific entity and all of its sub-entities in the hierarchy.


+---------------------------------------------------------------------------+
; State Machine - Summary                                                   ;
+---------------+------------------+------------+----------------+----------+
; Name          ; Number of States ; Using aclr ; Encoding Style ; Safeness ;
+---------------+------------------+------------+----------------+----------+
; rx_inst|state ; 5                ; Yes        ; One-Hot        ; Not Safe ;
; tx_inst|state ; 7                ; Yes        ; One-Hot        ; Not Safe ;
+---------------+------------------+------------+----------------+----------+


Encoding Type:  One-Hot
+-----------------------------------------------------------------------------------------+
; State Machine - rx_inst|state                                                           ;
+----------------+---------------+--------------+----------------+------------+-----------+
; Name           ; state.PAYLOAD ; state.HEADER ; state.PREAMBLE ; state.IDLE ; state.CRC ;
+----------------+---------------+--------------+----------------+------------+-----------+
; state.IDLE     ; 0             ; 0            ; 0              ; 0          ; 0         ;
; state.PREAMBLE ; 0             ; 0            ; 1              ; 1          ; 0         ;
; state.HEADER   ; 0             ; 1            ; 0              ; 1          ; 0         ;
; state.PAYLOAD  ; 1             ; 0            ; 0              ; 1          ; 0         ;
; state.CRC      ; 0             ; 0            ; 0              ; 1          ; 1         ;
+----------------+---------------+--------------+----------------+------------+-----------+


Encoding Type:  One-Hot
+--------------------------------------------------------------------------------------------------------------+
; State Machine - tx_inst|state                                                                                ;
+----------------+-----------+-----------+--------------+-----------+----------------+------------+------------+
; Name           ; state.IFG ; state.CRC ; state.HEADER ; state.SFD ; state.PREAMBLE ; state.DATA ; state.IDLE ;
+----------------+-----------+-----------+--------------+-----------+----------------+------------+------------+
; state.IDLE     ; 0         ; 0         ; 0            ; 0         ; 0              ; 0          ; 0          ;
; state.DATA     ; 0         ; 0         ; 0            ; 0         ; 0              ; 1          ; 1          ;
; state.PREAMBLE ; 0         ; 0         ; 0            ; 0         ; 1              ; 0          ; 1          ;
; state.SFD      ; 0         ; 0         ; 0            ; 1         ; 0              ; 0          ; 1          ;
; state.HEADER   ; 0         ; 0         ; 1            ; 0         ; 0              ; 0          ; 1          ;
; state.CRC      ; 0         ; 1         ; 0            ; 0         ; 0              ; 0          ; 1          ;
; state.IFG      ; 1         ; 0         ; 0            ; 0         ; 0              ; 0          ; 1          ;
+----------------+-----------+-----------+--------------+-----------+----------------+------------+------------+


+-------------------------------------------------------------------------------------------------+
; Registers Removed During Synthesis                                                              ;
+---------------------------------------+---------------------------------------------+-----------+
; Node name                             ; Reason for Removal                          ; Node Type ;
+---------------------------------------+---------------------------------------------+-----------+
; tx_inst|crc_reg[0,4,8,12,16,20,24,28] ; Stuck at GND due to stuck port data_in      ; Register  ;
; rx_inst|state~0                       ; Lost fanout                                 ; Register  ;
; rx_inst|state~1                       ; Lost fanout                                 ; Register  ;
; tx_inst|state~0                       ; Lost fanout                                 ; Register  ;
; tx_inst|state~1                       ; Lost fanout                                 ; Register  ;
; tx_inst|state~2                       ; Lost fanout                                 ; Register  ;
; rx_inst|state.HEADER                  ; Stuck at GND due to stuck port data_in      ; Register  ;
; rx_inst|state.PAYLOAD                 ; Stuck at GND due to stuck port data_in      ; Register  ;
; rx_inst|nibble_data[0..3]             ; Lost fanout                                 ; Register  ;
; rx_inst|byte_data[0..7]               ; Stuck at GND due to stuck port clock_enable ; Register  ;
; rx_inst|byte_valid                    ; Stuck at GND due to stuck port data_in      ; Register  ;
; rx_inst|state.CRC                     ; Stuck at GND due to stuck port data_in      ; Register  ;
; rx_inst|state.PREAMBLE                ; Lost fanout                                 ; Register  ;
; rx_inst|state.IDLE                    ; Lost fanout                                 ; Register  ;
; Total Number of Removed Nodes = 31    ;                                             ;           ;
+---------------------------------------+---------------------------------------------+-----------+


+---------------------------------------------------------------------------------------------------------------------------------------------------------------------+
; Removed Registers Triggering Further Register Optimizations                                                                                                         ;
+----------------------+----------------------------------------+-----------+-----------------------------------------------------------------------------------------+
; Node name            ; Reason for Removal                     ; Node Type ; Nodes Removed due to This Node                                                          ;
+----------------------+----------------------------------------+-----------+-----------------------------------------------------------------------------------------+
; rx_inst|state.HEADER ; Stuck at GND due to stuck port data_in ; Register  ; rx_inst|state.PAYLOAD, rx_inst|byte_data[0], rx_inst|byte_data[1],                      ;
;                      ;                                        ;           ; rx_inst|byte_data[2], rx_inst|byte_data[3], rx_inst|byte_data[4], rx_inst|byte_data[5], ;
;                      ;                                        ;           ; rx_inst|byte_data[6], rx_inst|byte_data[7], rx_inst|byte_valid, rx_inst|state.CRC       ;
; tx_inst|crc_reg[28]  ; Stuck at GND due to stuck port data_in ; Register  ; tx_inst|crc_reg[24], tx_inst|crc_reg[20], tx_inst|crc_reg[16], tx_inst|crc_reg[12],     ;
;                      ;                                        ;           ; tx_inst|crc_reg[8], tx_inst|crc_reg[4], tx_inst|crc_reg[0]                              ;
; rx_inst|state~0      ; Lost fanout                            ; Register  ; rx_inst|state.PREAMBLE, rx_inst|state.IDLE                                              ;
+----------------------+----------------------------------------+-----------+-----------------------------------------------------------------------------------------+


+------------------------------------------------------------+
; General Register Statistics for Partition "root_partition" ;
+----------------------------------------------+-------------+
; Statistic                                    ; Value       ;
+----------------------------------------------+-------------+
; Total registers                              ; 25          ;
; Number of registers using Synchronous Clear  ; 16          ;
; Number of registers using Synchronous Load   ; 0           ;
; Number of registers using Asynchronous Clear ; 24          ;
; Number of registers using Asynchronous Load  ; 0           ;
; Number of registers using Clock Enable       ; 17          ;
; Number of registers using Preset             ; 0           ;
+----------------------------------------------+-------------+


+--------------------------------------------------------------------------------------------------------------------------------------------------------------------+
; Multiplexer Restructuring Statistics (Restructuring Performed)                                                                                                     ;
+--------------------+-----------+---------------+----------------------+------------------------+------------+----------------------------+-------------------------+
; Multiplexer Inputs ; Bus Width ; Baseline Area ; Area if Restructured ; Saving if Restructured ; Registered ; Example Multiplexer Output ; Restructuring Performed ;
+--------------------+-----------+---------------+----------------------+------------------------+------------+----------------------------+-------------------------+
; 5:1                ; 4 bits    ; 12 LEs        ; 4 LEs                ; 8 LEs                  ; Yes        ; rx_inst|byte_data[0]       ; Yes                     ;
; 5:1                ; 4 bits    ; 12 LEs        ; 4 LEs                ; 8 LEs                  ; Yes        ; rx_inst|byte_data[4]       ; Yes                     ;
; 7:1                ; 16 bits   ; 64 LEs        ; 0 LEs                ; 64 LEs                 ; Yes        ; tx_inst|byte_cnt[0]        ; Yes                     ;
+--------------------+-----------+---------------+----------------------+------------------------+------------+----------------------------+-------------------------+


+------------------------------------------------------------------+
; Post-Synthesis Netlist Statistics for Partition "root_partition" ;
+------------------------+-----------------------------------------+
; Type                   ; Count                                   ;
+------------------------+-----------------------------------------+
; boundary_port          ; 101                                     ;
; cyclone10gx_ff         ; 25                                      ;
;     CLR                ; 8                                       ;
;     ENA                ; 1                                       ;
;     ENA CLR SCLR       ; 16                                      ;
; cyclone10gx_lcell_comb ; 40                                      ;
;     arith              ; 16                                      ;
;         1 data inputs  ; 16                                      ;
;     normal             ; 24                                      ;
;         0 data inputs  ; 1                                       ;
;         2 data inputs  ; 1                                       ;
;         3 data inputs  ; 4                                       ;
;         4 data inputs  ; 5                                       ;
;         5 data inputs  ; 8                                       ;
;         6 data inputs  ; 5                                       ;
;                        ;                                         ;
; Number of carry chains ; 1                                       ;
; Max carry chain length ; 16                                      ;
;                        ;                                         ;
; Max LUT depth          ; 3.00                                    ;
; Average LUT depth      ; 2.23                                    ;
+------------------------+-----------------------------------------+


+-----------------------------------------------------------------+
; Synthesis Resource Usage Summary for Partition "root_partition" ;
+---------------------------------------------+-------------------+
; Resource                                    ; Usage             ;
+---------------------------------------------+-------------------+
; Estimate of Logic utilization (ALMs needed) ; 77                ;
;                                             ;                   ;
; Combinational ALUT usage for logic          ; 40                ;
;     -- 7 input functions                    ; 0                 ;
;     -- 6 input functions                    ; 5                 ;
;     -- 5 input functions                    ; 8                 ;
;     -- 4 input functions                    ; 5                 ;
;     -- <=3 input functions                  ; 22                ;
;                                             ;                   ;
; Dedicated logic registers                   ; 25                ;
;                                             ;                   ;
; I/O pins                                    ; 101               ;
;                                             ;                   ;
; Total DSP Blocks                            ; 0                 ;
;     -- [A] Total Fixed Point DSP Blocks     ; 0                 ;
;     -- [B] Total Floating Point DSP Blocks  ; 0                 ;
;                                             ;                   ;
; Maximum fan-out node                        ; mii_tx_clk        ;
; Maximum fan-out                             ; 25                ;
; Total fan-out                               ; 259               ;
; Average fan-out                             ; 1.56              ;
+---------------------------------------------+-------------------+


+----------------------------------------------------------------------------------------------------------------+
; Warnings for eth_top.v                                                                                         ;
+-----------------+----------+-------+---------------------------------------------------------------------------+
; Message ID      ; Severity ; Count ; Sample Warning                                                            ;
+-----------------+----------+-------+---------------------------------------------------------------------------+
; 13024:13410     ; Warning  ; 5     ; Output pins are stuck at VCC or GND : Pin "mii_tx_er" is stuck at GND     ;
;     13024:13410 ;          ;       ; Output pins are stuck at VCC or GND : Pin "mii_tx_er" is stuck at GND     ;
;     13024:13410 ;          ;       ; Output pins are stuck at VCC or GND : Pin "mii_txd[0..2]" is stuck at GND ;
;     13024:13410 ;          ;       ; Output pins are stuck at VCC or GND : Pin "rx_data[0..7]" is stuck at GND ;
;     13024:13410 ;          ;       ; Output pins are stuck at VCC or GND : Pin "rx_last" is stuck at GND       ;
;     13024:13410 ;          ;       ; Output pins are stuck at VCC or GND : Pin "rx_valid" is stuck at GND      ;
+-----------------+----------+-------+---------------------------------------------------------------------------+


+-----------------------------------------------------------------------------------------------------------------------------------------+
; Warnings for mac_rx.v                                                                                                                   ;
+------------+----------+-------+---------------------------------------------------------------------------------------------------------+
; Message ID ; Severity ; Count ; Sample Warning                                                                                          ;
+------------+----------+-------+---------------------------------------------------------------------------------------------------------+
; 13469      ; Warning  ; 2     ; Verilog HDL assignment warning at mac_rx.v(48): truncated value with size 2 to match size of target (1) ;
;     13469  ;          ;       ; Verilog HDL assignment warning at mac_rx.v(48): truncated value with size 2 to match size of target (1) ;
;     13469  ;          ;       ; Verilog HDL assignment warning at mac_rx.v(54): truncated value with size 2 to match size of target (1) ;
; 16788      ; Warning  ; 1     ; Net "is_last_byte" does not have a driver at mac_rx.v(27)                                               ;
+------------+----------+-------+---------------------------------------------------------------------------------------------------------+


+-------------------------------------------------------------------------------------------------------------------------------------------+
; Warnings for mac_tx.v                                                                                                                     ;
+------------+----------+-------+-----------------------------------------------------------------------------------------------------------+
; Message ID ; Severity ; Count ; Sample Warning                                                                                            ;
+------------+----------+-------+-----------------------------------------------------------------------------------------------------------+
; 13469      ; Warning  ; 9     ; Verilog HDL assignment warning at mac_tx.v(50): truncated value with size 3 to match size of target (1)   ;
;     13469  ;          ;       ; Verilog HDL assignment warning at mac_tx.v(50): truncated value with size 3 to match size of target (1)   ;
;     13469  ;          ;       ; Verilog HDL assignment warning at mac_tx.v(52): truncated value with size 17 to match size of target (16) ;
;     13469  ;          ;       ; Verilog HDL assignment warning at mac_tx.v(55): truncated value with size 4 to match size of target (1)   ;
;     13469  ;          ;       ; Verilog HDL assignment warning at mac_tx.v(60): truncated value with size 17 to match size of target (16) ;
;     13469  ;          ;       ; Verilog HDL assignment warning at mac_tx.v(64): truncated value with size 4 to match size of target (1)   ;
;     13469  ;          ;       ; Verilog HDL assignment warning at mac_tx.v(66): truncated value with size 17 to match size of target (16) ;
;     13469  ;          ;       ; Verilog HDL assignment warning at mac_tx.v(70): truncated value with size 4 to match size of target (1)   ;
;     13469  ;          ;       ; Verilog HDL assignment warning at mac_tx.v(73): truncated value with size 17 to match size of target (16) ;
;     13469  ;          ;       ; Verilog HDL assignment warning at mac_tx.v(77): truncated value with size 17 to match size of target (16) ;
+------------+----------+-------+-----------------------------------------------------------------------------------------------------------+


+-------------------------------------------------------------------------------------------------------------------------------------------+
; Warnings for mii_intf.v                                                                                                                   ;
+------------+----------+-------+-----------------------------------------------------------------------------------------------------------+
; Message ID ; Severity ; Count ; Sample Warning                                                                                            ;
+------------+----------+-------+-----------------------------------------------------------------------------------------------------------+
; 13469      ; Warning  ; 1     ; Verilog HDL assignment warning at mii_intf.v(17): truncated value with size 4 to match size of target (3) ;
+------------+----------+-------+-----------------------------------------------------------------------------------------------------------+


+---------------------------------------------------------------------------------------------------------------------------------------------------------+
; General Warnings                                                                                                                                        ;
+------------+----------+-------+-------------------------------------------------------------------------------------------------------------------------+
; Message ID ; Severity ; Count ; Sample Warning                                                                                                          ;
+------------+----------+-------+-------------------------------------------------------------------------------------------------------------------------+
; 23762      ; Warning  ; 1     ; Hierarchies were optimized away during sweep. For details, refer to " Hierarchies Optimized Away During Sweep " report. ;
+------------+----------+-------+-------------------------------------------------------------------------------------------------------------------------+


+--------------------+
; Synthesis Messages ;
+--------------------+
Info: *******************************************************************
Info: Running Quartus Prime Synthesis
    Info: Version 25.3.0 Build 109 09/24/2025 SC Pro Edition
    Info: Processing started: Thu Apr 23 21:25:11 2026
    Info: System process ID: 22604
Info: Command: quartus_syn --read_settings_files=on --write_settings_files=off ethernet_mac -c ethernet_mac --dni
Info: qis_default_flow_script.tcl version: #2
Info: Initializing Synthesis...
Info: Project = "ethernet_mac"
Info: Revision = "ethernet_mac"
Info (21958): Initialized Quartus Message Database
Info: Analyzing source files
Info: Elaborating from top-level entity "eth_top"
Warning (13469): Verilog HDL assignment warning at mac_tx.v(50): truncated value with size 3 to match size of target (1) File: C:/Users/tcove/OneDrive/Desktop/Projects/CovertEDA-Examples/quartus/ethernet_mac/.build/mac_tx.v Line: 50
Warning (13469): Verilog HDL assignment warning at mac_tx.v(52): truncated value with size 17 to match size of target (16) File: C:/Users/tcove/OneDrive/Desktop/Projects/CovertEDA-Examples/quartus/ethernet_mac/.build/mac_tx.v Line: 52
Warning (13469): Verilog HDL assignment warning at mac_tx.v(55): truncated value with size 4 to match size of target (1) File: C:/Users/tcove/OneDrive/Desktop/Projects/CovertEDA-Examples/quartus/ethernet_mac/.build/mac_tx.v Line: 55
Warning (13469): Verilog HDL assignment warning at mac_tx.v(60): truncated value with size 17 to match size of target (16) File: C:/Users/tcove/OneDrive/Desktop/Projects/CovertEDA-Examples/quartus/ethernet_mac/.build/mac_tx.v Line: 60
Warning (13469): Verilog HDL assignment warning at mac_tx.v(64): truncated value with size 4 to match size of target (1) File: C:/Users/tcove/OneDrive/Desktop/Projects/CovertEDA-Examples/quartus/ethernet_mac/.build/mac_tx.v Line: 64
Warning (13469): Verilog HDL assignment warning at mac_tx.v(66): truncated value with size 17 to match size of target (16) File: C:/Users/tcove/OneDrive/Desktop/Projects/CovertEDA-Examples/quartus/ethernet_mac/.build/mac_tx.v Line: 66
Warning (13469): Verilog HDL assignment warning at mac_tx.v(70): truncated value with size 4 to match size of target (1) File: C:/Users/tcove/OneDrive/Desktop/Projects/CovertEDA-Examples/quartus/ethernet_mac/.build/mac_tx.v Line: 70
Warning (13469): Verilog HDL assignment warning at mac_tx.v(73): truncated value with size 17 to match size of target (16) File: C:/Users/tcove/OneDrive/Desktop/Projects/CovertEDA-Examples/quartus/ethernet_mac/.build/mac_tx.v Line: 73
Warning (13469): Verilog HDL assignment warning at mac_tx.v(77): truncated value with size 17 to match size of target (16) File: C:/Users/tcove/OneDrive/Desktop/Projects/CovertEDA-Examples/quartus/ethernet_mac/.build/mac_tx.v Line: 77
Warning (13469): Verilog HDL assignment warning at mac_rx.v(48): truncated value with size 2 to match size of target (1) File: C:/Users/tcove/OneDrive/Desktop/Projects/CovertEDA-Examples/quartus/ethernet_mac/.build/mac_rx.v Line: 48
Warning (13469): Verilog HDL assignment warning at mac_rx.v(54): truncated value with size 2 to match size of target (1) File: C:/Users/tcove/OneDrive/Desktop/Projects/CovertEDA-Examples/quartus/ethernet_mac/.build/mac_rx.v Line: 54
Warning (16788): Net "is_last_byte" does not have a driver at mac_rx.v(27) File: C:/Users/tcove/OneDrive/Desktop/Projects/CovertEDA-Examples/quartus/ethernet_mac/.build/mac_rx.v Line: 27
Warning (13469): Verilog HDL assignment warning at mii_intf.v(17): truncated value with size 4 to match size of target (3) File: C:/Users/tcove/OneDrive/Desktop/Projects/CovertEDA-Examples/quartus/ethernet_mac/.build/mii_intf.v Line: 17
Info: Found 5 design entities
Info: There are 4 partitions after elaboration.
Info: DA report generation in native DNI mode
Info (21615): Running Design Assistant Rules for snapshot 'partitioned'
Info: No waiver waived any violations
Info (22360): Design Assistant Results: 3 of 3 enabled rules passed, and 0 rules was disabled, in snapshot 'partitioned'
Info (21622): Design Assistant Results: 0 of 3 Low severity rules issued violations in snapshot 'partitioned'
Warning (23762): Hierarchies were optimized away during sweep. For details, refer to " Hierarchies Optimized Away During Sweep " report.
Info: Synthesizing partition "root_partition"
Warning (13024): Output pins are stuck at VCC or GND
    Warning (13410): Pin "mii_tx_er" is stuck at GND File: C:/Users/tcove/OneDrive/Desktop/Projects/CovertEDA-Examples/quartus/ethernet_mac/.build/eth_top.v Line: 11
    Warning (13410): Pin "mii_txd[0..2]" is stuck at GND File: C:/Users/tcove/OneDrive/Desktop/Projects/CovertEDA-Examples/quartus/ethernet_mac/.build/eth_top.v Line: 9
    Warning (13410): Pin "rx_data[0..7]" is stuck at GND File: C:/Users/tcove/OneDrive/Desktop/Projects/CovertEDA-Examples/quartus/ethernet_mac/.build/eth_top.v Line: 29
    Warning (13410): Pin "rx_last" is stuck at GND File: C:/Users/tcove/OneDrive/Desktop/Projects/CovertEDA-Examples/quartus/ethernet_mac/.build/eth_top.v Line: 31
    Warning (13410): Pin "rx_valid" is stuck at GND File: C:/Users/tcove/OneDrive/Desktop/Projects/CovertEDA-Examples/quartus/ethernet_mac/.build/eth_top.v Line: 30
Info (17049): 11 registers lost all their fanouts during netlist optimizations.
Info (21057): Implemented 141 device resources after synthesis - the final resource count might be different
    Info (21058): Implemented 84 input pins
    Info (21059): Implemented 17 output pins
    Info (21061): Implemented 40 logic cells
Info: Successfully synthesized partition
Info: Saving post-synthesis snapshots for 1 partition(s)
Info: Quartus Prime Synthesis was successful. 0 errors, 6 warnings
    Info: Peak virtual memory: 801 megabytes
    Info: Processing ended: Thu Apr 23 21:25:20 2026
    Info: Elapsed time: 00:00:09
    Info: System process ID: 22604


