
            Lattice Power Calculator Report
            Design: video_scaler
            Device: LFE5U-85F-8BG756C
            Temperature: 25°C
            Supply Voltage: 1.2V (Core), 2.5V (DSP/RAM), 3.3V (I/O)
            Date: 2026-03-21 15:10:47 UTC

=================================================================================
                        POWER SUMMARY
=================================================================================

Total Power Dissipation:             234.5 mW

Power Breakdown:
  Dynamic Power:                     206.2 mW (87.9%)
  Static Power:                       28.3 mW (12.1%)
  Leakage Power:                      12.1 mW


=================================================================================
                        VOLTAGE RAIL POWER
=================================================================================

Rail: VCORE (1.2V)
  Static Power:          18.6 mW
  Dynamic Power:        164.2 mW
  Total Power:          182.8 mW
  Current:             152.3 mA

Rail: VDSP (2.5V)
  Static Power:           6.2 mW
  Dynamic Power:          32.4 mW
  Total Power:            38.6 mW
  Current:               15.4 mA

Rail: VCCIO (3.3V)
  Static Power:           2.8 mW
  Dynamic Power:           8.2 mW
  Total Power:            11.0 mW
  Current:                3.3 mA

Rail: VCCAUX (3.3V)
  Static Power:           0.7 mW
  Dynamic Power:           1.4 mW
  Total Power:             2.1 mW
  Current:                0.6 mA


=================================================================================
                        COMPONENT POWER ANALYSIS
=================================================================================

Logic (Slices):
  LUT4 Power:            32.4 mW
  Flip-Flop Power:       28.6 mW
  Routing Power:         18.2 mW
  Total Logic Power:     79.2 mW

Memory (EBR):
  Line Buffer 1:         12.4 mW
  Line Buffer 2:         11.8 mW
  Interpolation work:     8.6 mW
  Debug/Status buffers:   6.4 mW
  Total Memory Power:    39.2 mW

DSP Blocks:
  Multiplier 1 (RGB R):   2.1 mW
  Multiplier 2 (RGB G):   2.1 mW
  Multiplier 3 (RGB B):   2.1 mW
  Multiplier 4 (blend):   2.0 mW
  Multiplier 5 (RGB R):   2.1 mW
  Multiplier 6 (RGB G):   2.1 mW
  Multiplier 7 (RGB B):   2.0 mW
  Multiplier 8 (blend):   2.0 mW
  Total DSP Power:       16.4 mW

I/O Blocks:
  Input drivers (24-bit): 3.2 mW
  Output drivers (24-bit):6.8 mW
  Sync signal drivers:    1.2 mW
  I/O control:            2.4 mW
  Total I/O Power:       13.6 mW

Clock Distribution:
  Pixel clock tree:       4.2 mW
  Clock buffers:          2.6 mW
  Total Clock Power:      6.8 mW

Miscellaneous:
  Miscellaneous:         11.0 mW

Total Dynamic Power:    206.2 mW


=================================================================================
                        POWER BY FUNCTIONAL BLOCK
=================================================================================

Video Input Pipeline:
  Input registers:        4.2 mW
  Input synchronizers:    2.1 mW
  Total Input:            6.3 mW

Line Buffer Subsystem:
  Memory arrays:         24.2 mW
  Address generation:     2.8 mW
  Read/write control:     1.8 mW
  Total Line Buffer:     28.8 mW

Interpolator Subsystem:
  DSP multipliers:       16.4 mW
  Blending logic:         8.3 mW
  Interpolation work:     6.2 mW
  Total Interpolator:    30.9 mW

Pixel Counter Subsystem:
  Horizontal counter:     4.2 mW
  Vertical counter:       3.8 mW
  Sync generation:        2.1 mW
  Total Pixel Counter:   10.1 mW

Video Output Pipeline:
  Output registers:       5.8 mW
  Output drivers:         6.8 mW
  Sync drivers:           1.2 mW
  Total Output:          13.8 mW

Control & Misc:
  Reset distribution:     0.8 mW
  Status/debug logic:     1.2 mW
  Miscellaneous:          9.0 mW
  Total Control:         11.0 mW


=================================================================================
                        THERMAL ANALYSIS
=================================================================================

Ambient Temperature:        25°C
Junction Temperature:       72.4°C
Temperature Rise:           47.4°C

Thermal Resistance (θJA):   202 °C/W (LFE5U-85F-8BG756C)
Max Safe Temperature:       100°C
Margin to Max:              27.6°C (MODERATE)

Power Dissipation per mm²:  4.78 mW/mm²
Package Area:               49.0 mm²


=================================================================================
                        FREQUENCY & ACTIVITY
=================================================================================

Actual Operating Frequency: 148.5 MHz (pixel clock)
                            297 M pixels/second (1920x1080@60Hz)
Estimated Switching Activity: 42.1%

Activity by Component:
  DSP multipliers:       58.4%
  Memory arrays:         35.2%
  Logic slices:          38.6%
  Clock:                 92.1% (continuous high speed)
  I/O:                   24.3%


=================================================================================
                        OPERATING SCENARIOS
=================================================================================

Scenario 1: Blank Video (No pixel data, sync only)
  Power: 76.2 mW (memory + logic minimal switching)

Scenario 2: Black Video (Pixel data = 0)
  Power: 114.3 mW (DSP still switching)

Scenario 3: Full Color Video (High activity)
  Power: 234.5 mW (maximum - current design)

Scenario 4: Average Content (typical color distribution)
  Power: 198.6 mW (85% of peak)


=================================================================================
                        POWER OPTIMIZATION RECOMMENDATIONS
=================================================================================

1. Implement DSP block gating when interpolation not needed
   Estimated savings: 8.2 mW (during blanking period)

2. Reduce output driver swing for short PCB traces
   Estimated savings: 2.4 mW

3. Optimize line buffer memory access patterns
   Estimated savings: 1.8 mW

4. Add clock gating for unused logic during blanking
   Estimated savings: 3.6 mW

5. Reduce multiplier precision from 18x18 to 16x16
   Estimated savings: 2.1 mW

Total Potential Savings: 18.1 mW (7.7% reduction)
Optimized power: 216.4 mW


=================================================================================
                        OPERATING CONDITIONS
=================================================================================

Supply Voltage Variation:
  VCORE: 1.2V ± 5%   (1.14V - 1.26V)
  VDSP: 2.5V ± 5%    (2.375V - 2.625V)
  VCCIO: 3.3V ± 10%  (2.97V - 3.63V)

Process Corner:
  TYP (Typical): 234.5 mW
  FAST: 205.6 mW (min power)
  SLOW: 267.8 mW (max power)

Temperature Variation:
  0°C:    201.2 mW
  25°C:   234.5 mW
  85°C:   312.4 mW
  125°C:  378.6 mW


=================================================================================
                        THERMAL MANAGEMENT REQUIREMENTS
=================================================================================

Heat Dissipation:
  @ 25°C ambient: 234.5 mW requires cooling
  @ 55°C ambient: 312.4 mW (with 30°C rise) - needs heatsink
  @ 85°C ambient: 378.6 mW (junction limited)

Recommended Cooling:
  Thermal vias: 8x8 array under device (0.5mm diameter)
  Heatsink: Not required for 25°C ambient continuous
  Forced air: Recommended for reliable operation >50°C ambient

Junction Temperature Margin:
  @ 25°C: 27.6°C margin (ACCEPTABLE)
  @ 50°C: 2.6°C margin (CRITICAL)
  Status: Monitor temperature in field


=================================================================================
                        DECOUPLING CAPACITOR RECOMMENDATION
=================================================================================

VCORE Supply (1.2V):
  Bulk capacitors: 4x 47µF ceramic (low ESR, X7R)
  Bypass capacitors: 32x 100nF distributed (every 6mm)
  Total capacitance: 188µF + 3.2µF = 191.2µF

VDSP Supply (2.5V):
  Bulk capacitors: 2x 22µF ceramic
  Bypass capacitors: 16x 100nF
  Total capacitance: 44µF + 1.6µF = 45.6µF

VCCIO Supply (3.3V):
  Bulk capacitors: 2x 10µF
  Bypass capacitors: 16x 100nF per bank (8 banks)
  Total capacitance per bank: 12µF + 1.6µF = 13.6µF

VCCAUX Supply:
  Bypass capacitors: 8x 100nF
  Total capacitance: 0.8µF


=================================================================================
                        POWER INTEGRITY ANALYSIS
=================================================================================

Peak Current (VCORE):
  Transient: 125 mA during pixel clock transitions
  Average: 152.3 mA sustained
  Required bulk capacitance: >150µF (recommended 190µF)

Peak Current (VDSP):
  Transient: 8.2 mA (DSP multiplier operations)
  Average: 15.4 mA
  Required bulk capacitance: >15µF (recommended 45µF)

Voltage Ripple Budget:
  VCORE allowed ripple: 60 mV max
  VDSP allowed ripple: 50 mV max
  Achieved with recommended decoupling: ~40 mV

Via Planning:
  Current density limit: 2A per 10mil via
  VCORE pins: 40 pins, need ~40 vias
  VDSP pins: 12 pins, need ~8 vias
  GND pins: 40 pins, need ~40 vias


=================================================================================
                        CONCLUSION
=================================================================================

Power Dissipation: 234.5 mW is moderate-high for video processing.
Thermal Status: 27.6°C margin at 25°C ambient (adequate).
Power Budget: Significant for additional features.

Key observations:
  - DSP blocks are efficient (16.4 mW for 8 multipliers)
  - Line buffers are largest contributor (39.2 mW)
  - Thermal management critical above 50°C ambient
  - Design suitable for commercial products with proper cooling

Recommendations:
  1. Implement recommended decoupling strategy
  2. Place thermal vias under device
  3. Monitor temperature in field testing
  4. Consider heatsink if ambient >50°C
  5. Implement power optimizations if space permits

Design is production-ready with proper thermal management.


                     End of Power Report

