===============================================================================
                      ACE Utilization Report
===============================================================================

Device: AC7t1500ES0
Design: eth400g_top
Date: 2026-03-21

===============================================================================
                    RESOURCE UTILIZATION
===============================================================================

Resource              | Used | Available | Utilization (%)
----------------------+------+-----------+----------------
LUTs                  | 23456|    692224 |         3.388%
Registers (FFs)       | 18901|    692224 |         2.730%
BRAM (36Kb)           |   64 |       432 |        14.815%

===============================================================================
                      POWER ESTIMATE
===============================================================================

Total Power: 8.9 W

===============================================================================
                         END OF REPORT
===============================================================================
