================================================================================
                      Lattice Radiant Place and Route Report
                         i2c_bridge Project
================================================================================

Design: i2c_top
Device: LFD2NX-40-7MG672
Date: 2026-03-21 14:39:52
PAR Tool Version: 3.2.10

================================================================================
                         PLACEMENT SUMMARY
================================================================================

Placement Statistics:
  Total Placements Attempted: 1
  Successful Placements: 1
  Placement Time: 0.38 seconds
  Routing Time: 0.62 seconds
  Total PAR Time: 1.00 second

Device Utilization:
  CLB Slices Used: 62 / 640 (9.7%)
  Logic Cells: 245 (LUTs)
  Sequential Cells: 189 DFFs
  Dedicated Hardware: 1 PLL, 0 EBR, 0 DSP

Placement Quality: Excellent
  Estimated Area Utilization: 9.7%
  Bounding Box Ratio: 0.28 (very loose)

================================================================================
                      ROUTING SUMMARY
================================================================================

Routing Statistics:
  Total Nets to Route: 98
  Nets Successfully Routed: 98 (100%)
  Failed Nets: 0
  Routing Iterations: 1

Wire Utilization:
  Local Wires: 256 / 2048 (12.5%)
  Global Wires: 28 / 256 (10.9%)
  Long Lines: 14 / 128 (10.9%)

Routing Congestion: None detected (very low)
Maximum Channel Congestion: 48% (excellent)

================================================================================
                      CRITICAL PATH ANALYSIS
================================================================================

Critical Path: Wishbone state machine
  Slack: +13.24 ns (Met)
  Delay: 6.76 ns
  Logic Levels: 1

================================================================================
                      TIMING CLOSURE
================================================================================

Setup Time Closure:
  Target Period: 20.0 ns
  Achieved Fmax: 200.0 MHz
  Margin: +13.24 ns (very loose)
  Status: PASSED ✓

Hold Time Closure:
  Worst Hold Slack: +13.56 ns
  Status: PASSED ✓

Timing Violations: NONE

================================================================================
                      DESIGN STATISTICS
================================================================================

Total Design Time: 2.8 seconds
  Synthesis: 1.2s
  PAR: 1.0s
  Analysis: 0.6s

Peak Memory Usage: 234 MB

================================================================================
End of Place and Route Report
================================================================================
