================================================================================
                      Lattice Radiant Power Analysis Report
                         i2c_bridge Project
================================================================================

Design: i2c_top
Device: LFD2NX-40-7MG672
Date: 2026-03-21 14:40:12
Analysis Conditions: 25°C, nominal voltage

================================================================================
                         POWER SUMMARY
================================================================================

Total Estimated Power Consumption:
  Static Power (Leakage):     14.1 mW
  Dynamic Power (Switching):   5.6 mW
  ────────────────────────────────────
  Total Power:                19.7 mW

Power Margin:
  Max Rated Power: 500 mW
  Design Headroom: 480.3 mW (96.1%)
  Thermal Margin: Excellent

Junction Temperature Estimate:
  Ambient Temperature: 25°C
  Estimated Junction Temp: 26.5°C
  Max Rated Junction Temp: 85°C
  Temperature Margin: 58.5°C

================================================================================
                      POWER BREAKDOWN BY RAIL
================================================================================

1.0V Core Power Rail:
  Leakage Power:              10.6 mW
  Clock Distribution:         1.8 mW
  Logic Switching:            1.9 mW
  Wishbone Logic:             0.5 mW
  ────────────────────────────────────
  Subtotal Core Power:       14.8 mW (75% of total)

3.3V I/O Power Rail:
  I2C Drivers (open-drain):  3.2 mW
  I2C Pull-ups:              1.2 mW
  Status I/O:                0.5 mW
  ────────────────────────────────────
  Subtotal I/O Power:         4.9 mW (25% of total)

================================================================================
                      DYNAMIC POWER ANALYSIS
================================================================================

Switching Power by Function:

  Clock Distribution:         1.8 mW
  I2C Slave State Machine:    2.1 mW
  Wishbone Master:            1.2 mW
  Edge Detection:             0.5 mW

Signal Activity Factors:
  clk:        1.0 (always switching at 50 MHz)
  I2C bus:    0.05 (very slow, <400 kHz)

================================================================================
                      STATIC POWER ANALYSIS
================================================================================

Leakage Power by Component:

  LUT Logic (245 LUTs):       4.3 mW
  Flip-Flops (189 DFFs):      3.8 mW
  I/O Buffers (I2C):          3.2 mW
  Interconnect Leakage:       2.8 mW

================================================================================
                      THERMAL ANALYSIS
================================================================================

Thermal Characteristics:
  Die Size: 25.2 mm²
  Package: MG672 (optimized thermal)
  Thermal Resistance (JA): 68°C/W

Temperature Calculation (Ambient: 25°C):
  Power Dissipation:    19.7 mW = 0.0197 W
  ΔT = 0.0197 W × 68°C/W = 1.3°C
  Junction Temperature: 25°C + 1.3°C = 26.3°C
  Thermal Margin: 58.7°C

Thermal Management:
  - No heat sink required
  - Passive cooling sufficient
  - Excellent thermal headroom

================================================================================
End of Power Analysis Report
================================================================================
