=== logic_analyzer ===

        +----------Local Count, excluding submodules.
        | 
     1630 wires
     5506 wire bits
     1630 public wires
     5506 public wire bits
       11 ports
       46 port bits
     4518 submodules
        4   CCU2C
     2228   LUT4
      216   PFUMX
     2070   TRELLIS_FF

=== design hierarchy ===

        +----------Count including submodules.
        | 
        - logic_analyzer

        +----------Count including submodules.
        | 
     1630 wires
     5506 wire bits
     1630 public wires
     5506 public wire bits
       11 ports
       46 port bits
        - memories
        - memory bits
        - processes
        - cells
     4518 submodules
        4   CCU2C
     2228   LUT4
      216   PFUMX
     2070   TRELLIS_FF

3.50. Executing CHECK pass (checking for obvious problems).
Checking module logic_analyzer...
Found and reported 0 problems.

3.51. Executing JSON backend.


=== logic_analyzer ===

        +----------Local Count, excluding submodules.
        | 
     1630 wires
     5506 wire bits
     1630 public wires
     5506 public wire bits
       11 ports
       46 port bits
     4518 cells
        4   CCU2C
     2228   LUT4
      216   PFUMX
     2070   TRELLIS_FF

Warnings: 1 unique messages, 1 total