===============================================================================
                          SmartPower Report
===============================================================================

Device: MPFS250T-FCVG484I
Design: rv32i_top
Tool Version: Libero SoC 2024.2
Analysis Type: Post-Place & Route
Date: 2026-03-21

===============================================================================
                      POWER SUMMARY BY DOMAIN
===============================================================================

Power Domain          | Type       | Power (mW) | Percentage
----------------------+------------+------------+----------
Core (1.0V)          | Dynamic    | 156.2      | 66.7%
Core (1.0V)          | Static     |  32.1      | 13.7%
I/O (3.3V)           | Dynamic    |  34.5      | 14.8%
I/O (3.3V)           | Static     |   6.2      | 2.6%
                     |            |            |
TOTAL                |            | 234.0 mW   | 100%

===============================================================================
                     DYNAMIC POWER BY COMPONENT
===============================================================================

Component             | Toggle Rate (%) | Power (mW) | % Total
----------------------+-----------------+------------+--------
Logic (LUTs)         |      45.2       |  98.3      | 42.0%
Registers (DFFs)     |      38.6       |  67.8      | 29.0%
LSRAM                |      28.5       |  23.1      | 9.9%
Routing/Interconnect |      22.4       |  18.5      | 7.9%
Clock Distribution   |     100.0       |   5.2      | 2.2%

===============================================================================
                      LEAKAGE POWER BY VOLTAGE
===============================================================================

Voltage Domain        | Temperature (C) | Leakage (mW) | Percentage
----------------------+-----------------+--------------+----------
Core (1.0V)          |      25         |    32.1      | 83.9%
I/O (3.3V)           |      25         |     6.2      | 16.1%

===============================================================================
                      CLOCK DOMAIN POWER
===============================================================================

Clock Domain         | Frequency | Nets | Power (mW) | Activity Factor
---------------------+-----------+------+------------+----------------
sys_clk              | 100.0 MHz | 4567 |   190.8    | 0.67

===============================================================================
                       I/O POWER BREAKDOWN
===============================================================================

Signal          | Direction | Voltage | Toggle Rate | Power (mW)
----------------+-----------+---------+-------------+-----------
clk             | Input     | 3.3V    |   100%      |    12.3
imem_addr[31:0] | Output    | 3.3V    |    45%      |    16.2
dmem_addr[31:0] | Output    | 3.3V    |    38%      |     5.4
pc_debug[31:0]  | Output    | 3.3V    |    42%      |     0.6

===============================================================================
                    POWER AT DIFFERENT TEMPERATURES
===============================================================================

Temperature (C) | Total Power (mW) | Dynamic (mW) | Static (mW)
----------------+------------------+--------------+------------
-40             |     198.5         |   165.2      |    33.3
  0             |     210.3         |   178.1      |    32.2
 25             |     234.0         |   190.8      |    38.3
 50             |     267.5         |   215.3      |    52.2
 70             |     302.1         |   248.6      |    53.5

===============================================================================
                      POWER ESTIMATES SUMMARY
===============================================================================

Design Frequency     : 100.0 MHz
Ambient Temperature  : 25°C
Total Estimated Power: 234.0 mW
Junction Temperature : 42.1°C
Thermal Design Power : 350 mW

===============================================================================
                         END OF REPORT
===============================================================================
