===============================================================================
                      SmartTime - Timing Analysis Report
===============================================================================

Device: MPFS250T-FCVG484I
Design: rv32i_top
Tool Version: Libero SoC 2024.2
Date: 2026-03-21

===============================================================================
                              FMAX SUMMARY
===============================================================================

Clock Name          | Period (ns) | Frequency (MHz) | Slack (ns) | Status
------------------+-------------+-----------------+-----------+----------
sys_clk             | 8.0         | 125.0           | +2.5      | MET

===============================================================================
                           CLOCK DOMAIN ANALYSIS
===============================================================================

Clock: sys_clk
  Fanout in domain:           4567
  Pins in domain:              156
  Levels of logic:              8

Analysis Type: Setup & Hold

  Critical Path:
    From: pc_reg (register)
    To:   alu_result (combinational)
    Delay: 8.0 ns
    Slack: +2.5 ns (positive)

===============================================================================
                         SETUP SLACK SUMMARY
===============================================================================

Clk Domain | Min Slack | Mean Slack | Max Path Delay | Num Paths
-----------+-----------+------------+----------------+----------
sys_clk    | +2.5 ns   | +4.8 ns    | 10.0 ns        | 1234

All constraints are met.

===============================================================================
                         END OF REPORT
===============================================================================
