===============================================================================
                        Utilization Report
===============================================================================

Device: MPFS250T-FCVG484I
Design: rv32i_top
Date: 2026-03-21

===============================================================================
                         LOGIC UTILIZATION
===============================================================================

Resource Type          | Used  | Available | Utilization (%)
-----------------------+-------+-----------+----------------
4-LUT                  |  4567 |    299008 |         1.527%
6-LUT                  |     0 |    149504 |         0.000%
Flip-Flops (DFF)       |  2345 |    598016 |         0.392%
LSRAM (32Kb)           |     8 |       936 |         0.855%
uSRAM (64Kb)           |     0 |       468 |         0.000%
Multiplier             |     0 |       936 |         0.000%
Adder/Subtractor       |     4 |     74752 |         0.005%

===============================================================================
                         BLOCK RAM UTILIZATION
===============================================================================

LSRAM Blocks           | Used  | Available | Utilization (%)
                      |     8 |       936 |         0.855%

Memory Usage:
  Instruction Fetch:   4 LSRAM (128 KB)
  Register File:       2 LSRAM (64 KB)
  Data Path:           2 LSRAM (64 KB)

===============================================================================
                          I/O UTILIZATION
===============================================================================

GPIO Used             |    45
Utilization (%)       |  10.4%

===============================================================================
                       DESIGN SUMMARY
===============================================================================

Total Slice Area           : 4567 4-LUTs
Total Registers            : 2345 DFFs
Total BRAM                 : 8 LSRAM blocks
Clock Domains             : 1
Max Fanout               : 156

===============================================================================
                         END OF REPORT
===============================================================================
