=== pwm_multi ===

        +----------Local Count, excluding submodules.
        | 
       86 wires
      142 wire bits
       86 public wires
      142 public wire bits
       10 ports
       38 port bits
       91 submodules
       38   SB_CARRY
        8   SB_DFFR
       45   SB_LUT4

=== design hierarchy ===

        +----------Count including submodules.
        | 
        - pwm_multi

        +----------Count including submodules.
        | 
       86 wires
      142 wire bits
       86 public wires
      142 public wire bits
       10 ports
       38 port bits
        - memories
        - memory bits
        - processes
        - cells
       91 submodules
       38   SB_CARRY
        8   SB_DFFR
       45   SB_LUT4

3.49. Executing CHECK pass (checking for obvious problems).
Checking module pwm_multi...
Found and reported 0 problems.

3.50. Executing JSON backend.


=== pwm_multi ===

        +----------Local Count, excluding submodules.
        | 
       86 wires
      142 wire bits
       86 public wires
      142 public wire bits
       10 ports
       38 port bits
       91 cells
       38   SB_CARRY
        8   SB_DFFR
       45   SB_LUT4