===============================================================================
                      ACE Utilization Report
===============================================================================

Device: AC7t1500ES0
Design: ml_top
Date: 2026-03-21

===============================================================================
                    RESOURCE UTILIZATION
===============================================================================

Resource              | Used | Available | Utilization (%)
----------------------+------+-----------+----------------
LUTs                  | 45678|    692224 |         6.597%
Registers (FFs)       | 34567|    692224 |         4.992%
BRAM (36Kb)           |  128 |       432 |        29.630%
MLP (96x64 bits)      |  256 |       192 |       133.333% (OVER!)

===============================================================================
                      POWER ESTIMATE
===============================================================================

Total Power: 12.3 W

===============================================================================
                         END OF REPORT
===============================================================================
