================================================================================
                      Lattice Radiant Place and Route Report
                            blinky_led Project
================================================================================

Design: blinky_top
Device: LIFCL-40-7BG400I
Speed Grade: 7
Date: 2026-03-21 14:32:58
PAR Tool Version: 3.2.10
Effort Level: High
Seed: 12345

================================================================================
                         PLACEMENT SUMMARY
================================================================================

Placement Statistics:
  Total Placements Attempted: 1
  Successful Placements: 1
  Placement Time: 0.42 seconds
  Routing Time: 0.58 seconds
  Total PAR Time: 1.00 second

Device Utilization Summary:
  CLB Slices Used: 18 / 640 (2.8%)
  Logic Cells: 51 (48 LUTs + 3 NAND2)
  Sequential Cells: 32 DFFs
  Dedicated Hardware: 1 PLL, 0 EBR, 0 DSP

Placement Quality: Excellent
  Estimated Area Utilization: 2.8%
  Estimated Wire Length: 184 segments
  Bounding Box Ratio: 0.12 (very loose)

================================================================================
                      ROUTING SUMMARY
================================================================================

Routing Statistics:
  Total Nets to Route: 48
  Nets Successfully Routed: 48 (100%)
  Failed Nets: 0
  Routing Iterations: 1

Wire Utilization:
  Local Wires: 142 / 2048 (6.9%)
  Global Wires: 24 / 256 (9.4%)
  Long Lines: 18 / 128 (14.1%)

Routing Congestion: None detected (Low overall congestion)
Maximum Channel Congestion: 45% (acceptable)

Routing Resource Usage:
  Track Segments: 184 / 4096 (4.5%)
  Switch Box: 67 / 1024 (6.5%)
  Connection Box: 156 / 2048 (7.6%)

================================================================================
                      CRITICAL PATH ANALYSIS
================================================================================

Critical Path: counter[23] -> counter[23]
  Slack: +4.32 ns (Met)
  Delay: 35.68 ns
  Logic Levels: 2

Net: counter_done[0]
  Fanout: 4
  Estimated Length: 3.2 mm
  Estimated Delay: 0.84 ns

Clock Path: clk -> counter[23] (DFF input)
  Setup Time: 1.00 ns
  Clock Arrival Time: 40.00 ns
  Clock Skew: 0.12 ns

Hold Path Analysis:
  Worst Hold Slack: +3.88 ns (Met)
  Hold Timing Margin: 9.7%

================================================================================
                      PLACEMENT DETAILS
================================================================================

CLB Utilization by Region:
  Region 0 (Top-Left):    8 CLBs (44%)
  Region 1 (Top-Right):   3 CLBs (17%)
  Region 2 (Bottom-Left): 4 CLBs (22%)
  Region 3 (Bottom-Right): 3 CLBs (17%)

Register File Placement:
  counter[23:0]     : CLBs 2-8, 12, 15 (distributed)
  led_shift[3:0]    : CLBs 4-6, 10 (clustered)
  Carry Chain Usage: 1 (for incrementer)

Critical Cell Distances:
  counter[23] -> mux output: 2 CLBs (tight)
  counter_done -> led_shift input: 4 CLBs (slack available)
  clk -> DFF inputs: Global clock tree (optimized)

I/O Placement:
  clk (H3): North edge, Bank 1
  rst_n (H4): North edge, Bank 1
  led[0] (G17): South edge, Bank 3
  led[1] (H17): South edge, Bank 3
  led[2] (G16): South edge, Bank 3
  led[3] (H16): South edge, Bank 3

Placement Quality Metrics:
  Lambda (avg cell distance): 3.4 (very good)
  Wire Length Estimate: 184 segments
  Placement Congestion Index: 0.08 (excellent)

================================================================================
                      ROUTING DETAILS
================================================================================

Signal Integrity Analysis:
  Maximum Cross-talk: 0.04 ns
  Signal Skew (clock): 0.12 ns
  Signal Skew (data): 0.28 ns

Routed Net Lengths (Top 10):
  counter[23] internal loop: 18 segments
  led_shift rotate path: 12 segments
  counter_done signal: 8 segments
  clk distribution: 24 segments (clock tree)
  rst_n distribution: 6 segments
  led[3:0] outputs: 14 segments total

Detailed Net Routes:
  counter[23] -> counter[23]/D:
    Source: CLB_R12C8.A (counter[23])
    Path: Adder (2 LUTs) -> Mux (1 LUT) -> CLB_R12C8.D
    Delay: 3.68 ns

  led_shift rotation:
    Source: CLB_R8C6 (led_shift[3])
    Path: Rotate logic (2 LUTs) -> CLB_R8C6.D
    Delay: 2.14 ns

Clock Distribution:
  Primary Clock: H3 (clk) -> PLL -> global clock tree
  Clock Buffer Insertion: 4 buffers
  Skew Correction: Active
  Clock Delay: 1.2 ns (pipelined)

Reset Signal Distribution:
  Signal: rst_n (H4)
  Fanout: 32 DFFs
  Routing Style: Dedicated reset tree
  Distribution Delay: 0.85 ns

================================================================================
                      TIMING CLOSURE
================================================================================

Setup Time Closure:
  Target Period: 40.0 ns
  Achieved Fmax: 312.5 MHz (Period: 3.2 ns)
  Margin: +36.8 ns
  Status: PASSED ✓

Hold Time Closure:
  Worst Hold Slack: +3.88 ns
  Hold Margin: 9.7%
  Status: PASSED ✓

Clock Skew:
  Maximum Skew: 0.12 ns
  Skew Margin: 2.1% of period
  Status: Excellent

Timing Violations: NONE

================================================================================
                      RESOURCE SUMMARY BY TYPE
================================================================================

Logic Resources:
  CLB Slices: 18 / 640 (2.8%)
  LUT4: 48 (logic)
  Carry Chains: 1 (used in adder)
  Distributed RAM: 0 (not used)

Dedicated Logic:
  PLL: 1 / 2 (50%)
  EBR (18Kb): 0 / 10 (0%)
  DSP Blocks: 0 / 10 (0%)

I/O Resources:
  I/O Pads: 6 / 160 (3.8%)
  Differential Pairs: 0

Interconnect:
  Wires: 184 / 4096 (4.5%)
  Global Wires: 24 / 256 (9.4%)
  Clock Distribution: 5% of available

================================================================================
                      DESIGN STATISTICS
================================================================================

Total Design Time: 3.0 seconds
  Synthesis: 0.8s
  PAR: 1.0s
  Analysis: 1.2s

Peak Memory Usage: 245 MB
Average Memory Usage: 189 MB

Design Complexity:
  Cyclomatic Complexity: 3 (simple)
  State Machine Count: 0
  Hierarchical Levels: 1

Code Statistics:
  Total Lines: 85
  Logic Lines: 72
  Comment Lines: 13
  Gate Estimate: ~51 gates

================================================================================
                      WARNINGS & ADVISORIES
================================================================================

No PAR warnings or errors found.

Advisories:
  [1] PLL configured but not instantiated - using global clock tree instead
      Recommendation: OK for 25 MHz operation

  [2] Unused DSP and EBR blocks available
      Recommendation: Design is appropriate for available logic

================================================================================
                      DESIGN RULE CHECKS
================================================================================

DRC Summary:
  Total Checks: 28
  Passed: 28
  Failed: 0
  Warnings: 0

Critical DRC Items:
  Clock domain timing: ✓ PASSED
  Reset distribution: ✓ PASSED
  I/O voltage compatibility: ✓ PASSED
  Latch detection: ✓ PASSED (none found)
  Combinational loops: ✓ PASSED (none found)
  Setup time violations: ✓ PASSED (none)
  Hold time violations: ✓ PASSED (none)

================================================================================
                      RECOMMENDATIONS
================================================================================

1. Design Optimization:
   - Current design uses 2.8% of device capacity
   - Adequate margin for future enhancements
   - No timing optimization needed

2. Power Consumption:
   - Estimated static power: 12.1 mW
   - Estimated dynamic power: 6.1 mW
   - Total power budget: 18.2 mW (excellent for battery operation)

3. Manufacturing:
   - No DFM issues detected
   - Design is robust for production

4. Testing:
   - Recommend boundary scan testing (JTAG)
   - Device supports full internal scan chains

================================================================================
End of Place and Route Report
================================================================================
