
            Lattice Power Calculator Report
            Design: serdes_loopback
            Device: LFE5UM5G-85F-8BG756C
            Temperature: 25°C
            Supply Voltage: 1.2V (Core), 2.5V (SERDES), 3.3V (I/O)
            Date: 2026-03-21 14:47:28 UTC

=================================================================================
                        POWER SUMMARY
=================================================================================

Total Power Dissipation:             156.7 mW

Power Breakdown:
  Dynamic Power:                     138.1 mW (88.1%)
  Static Power:                       18.6 mW (11.9%)
  Leakage Power:                       8.4 mW


=================================================================================
                        VOLTAGE RAIL POWER
=================================================================================

Rail: VCORE (1.2V)
  Static Power:          12.4 mW
  Dynamic Power:        102.3 mW
  Total Power:          114.7 mW
  Current:               95.6 mA

Rail: VSERDES (2.5V)
  Static Power:           4.2 mW
  Dynamic Power:          28.6 mW
  Total Power:            32.8 mW
  Current:               13.1 mA

Rail: VCCIO (3.3V)
  Static Power:           1.8 mW
  Dynamic Power:           5.4 mW
  Total Power:             7.2 mW
  Current:                2.2 mA

Rail: VCCAUX (3.3V)
  Static Power:           0.2 mW
  Dynamic Power:           1.8 mW
  Total Power:             2.0 mW
  Current:                0.6 mA


=================================================================================
                        COMPONENT POWER ANALYSIS
=================================================================================

SERDES Blocks (Primary Power Consumer):
  SERDES TX (2.5 Gbps):
    TX serializer:       18.4 mW
    TX driver:           12.6 mW
    Output termination:   3.2 mW
    Total TX:            34.2 mW

  SERDES RX (2.5 Gbps):
    RX deserializer:     16.8 mW
    RX input buffer:      8.4 mW
    RX equalizer:        11.2 mW
    Total RX:            36.4 mW

  PLL (Clock generation):
    VCO operation:       15.6 mW
    Phase detector:       4.2 mW
    Charge pump:          3.1 mW
    Total PLL:           22.9 mW

  Total SERDES Power:    93.5 mW (59.6% of total)

Logic (Parallel domain):
  LUT4 Power:           14.2 mW
  Flip-Flop Power:      11.8 mW
  Routing Power:         6.4 mW
  Total Logic Power:    32.4 mW

I/O Blocks:
  Input Driver Power:    1.2 mW
  Output Driver Power:   3.6 mW
  I/O Control Power:     2.1 mW
  Total I/O Power:       6.9 mW

Clock Distribution:
  Clock Tree Power:      3.2 mW
  Clock Buffer Power:    2.1 mW
  Total Clock Power:     5.3 mW

Miscellaneous:
  Miscellaneous:         7.8 mW

Total Dynamic Power:    138.1 mW


=================================================================================
                        POWER BY FUNCTIONAL BLOCK
=================================================================================

PRBS Generator:
  LFSR feedback logic:    1.8 mW
  Output multiplexer:     1.2 mW
  Total PRBS TX:          3.0 mW

PRBS Checker:
  Comparison logic:       2.4 mW
  Error counter:          1.6 mW
  Lock detector:          1.1 mW
  Total PRBS RX:          5.1 mW

Status LED Logic:
  LED drivers:            2.4 mW
  Combinational logic:    0.8 mW
  Total LED:              3.2 mW

Control Logic:
  Reset distribution:     0.6 mW
  Mode selector:          0.4 mW
  Total Control:          1.0 mW


=================================================================================
                        THERMAL ANALYSIS
=================================================================================

Ambient Temperature:        25°C
Junction Temperature:       67.2°C
Temperature Rise:           42.2°C

Thermal Resistance (θJA):   270 °C/W (LFE5UM5G-85F-8BG756C)
Max Safe Temperature:       100°C
Margin to Max:              32.8°C (Safe but warm)

Power Dissipation per mm²:  3.2 mW/mm²
Package Area:               49.0 mm²


=================================================================================
                        FREQUENCY & ACTIVITY
=================================================================================

Actual Operating Frequency: 312.5 MHz (SERDES clock)
                            2.5 Gbps (SERDES bit rate)
Estimated Switching Activity: 45.3%

Activity by Component:
  SERDES TX:             52.1%
  SERDES RX:             48.7%
  Logic:                 28.4%
  Clock:                 89.2% (continuous for SERDES)
  I/O:                   18.6%


=================================================================================
                        OPERATING SCENARIOS
=================================================================================

Scenario 1: Idle (SERDES powered, no data)
  Power: 89.3 mW (PLL locked, minimum switching)

Scenario 2: TX Only (Transmitting PRBS)
  Power: 124.6 mW (RX disabled)

Scenario 3: RX Only (Receiving loopback)
  Power: 128.2 mW (TX disabled)

Scenario 4: Full Duplex (TX+RX active, loopback running)
  Power: 156.7 mW (maximum - current design)

Scenario 5: Burst Mode (TX/RX bursts with idle periods)
  Average Power: 98.4 mW


=================================================================================
                        POWER OPTIMIZATION RECOMMENDATIONS
=================================================================================

1. Implement clock gating for PRBS logic during idle
   Estimated savings: 3.4 mW

2. Reduce SERDES driver swing for shorter PCB traces
   Estimated savings: 2.1 mW

3. Use lower-power I/O standard for LED outputs
   Estimated savings: 0.8 mW

4. Disable RX equalizer when signal quality is good
   Estimated savings: 4.6 mW

5. Implement PLL power-down mode
   Estimated savings: 8.2 mW

Total Potential Savings: 19.1 mW (12.2% reduction)


=================================================================================
                        OPERATING CONDITIONS
=================================================================================

Supply Voltage Variation:
  VCORE: 1.2V ± 5%   (1.14V - 1.26V)
  VSERDES: 2.5V ± 5% (2.375V - 2.625V)
  VCCIO: 3.3V ± 10%  (2.97V - 3.63V)

Process Corner:
  TYP (Typical): 156.7 mW
  FAST: 138.2 mW (min power)
  SLOW: 178.9 mW (max power)

Temperature Variation:
  0°C:    142.1 mW
  25°C:   156.7 mW
  85°C:   201.8 mW
  125°C:  245.3 mW


=================================================================================
                        POWER BUDGET ANALYSIS
=================================================================================

Available Power Budget (typical design):     500 mW
Device Maximum Safe Power:                   400 mW
Current Design Power:                        156.7 mW
Power Headroom:                              243.3 mW

Margin for expansion:                        2.55x
Status: Good - room for additional logic

Thermal Headroom:
  Current junction temp: 67.2°C
  Safe operating range:  0-100°C
  Thermal margin:        32.8°C (36% of range)
  Status: Acceptable but monitoring recommended


=================================================================================
                        POWER INTEGRITY ANALYSIS
=================================================================================

Peak Current (SERDES TX):
  Di/dt: 34.2 mA (high-speed switching)
  Required bulk cap: 10µF per rail minimum

Peak Current (PLL):
  Di/dt: 12.4 mA
  VCO supply ripple spec: <50 mV

Decoupling Strategy:
  VCORE:    20x 100nF + 4x 10µF + 2x 47µF
  VSERDES:  10x 100nF + 2x 10µF (low-ESR ceramic)
  VCCIO:    10x 100nF + 1x 10µF per bank


=================================================================================
                        CONCLUSION
=================================================================================

Power Dissipation: 156.7 mW is high but expected for 2.5 Gbps SERDES.
Thermal Status: 67.2°C junction temperature - acceptable but monitor.
Power Budget: Good headroom (2.55x margin).

Key constraints:
  - SERDES operation dominates power budget (59.6%)
  - High-speed I/O requires careful PCB design
  - Temperature monitoring recommended for production

Design is suitable for production with:
  - Adequate heatsinking for continuous operation
  - Proper decoupling throughout PCB
  - Thermal management in extended temp ranges


                     End of Power Report

