
                    Lattice Timing Report (TWR)
                   Design: serdes_loopback
                   Device: LFE5UM5G-85F-8BG756C
                   Generated: 2026-03-21 14:45:38 UTC
                   Timing Grade: 8C (Speed Grade 8, Commercial)

=================================================================================
                        TIMING CONSTRAINTS SUMMARY
=================================================================================

  Requested      Actual       Slack
  Period         Period       (MET)
  ------         ------       -----
  3.200 ns       2.156 ns     1.044 ns  [ref_clk]  (312.5 MHz SERDES)


=================================================================================
                        CLOCK DOMAIN ANALYSIS
=================================================================================

Clock Domain: ref_clk (frequency: 312.5 MHz; period: 3.200 ns)
  Rising edges at: 0.000 ns, 3.200 ns, 6.400 ns ...
  Falling edges at: 1.600 ns, 4.800 ns, 8.000 ns ...
  Source: G23 (IOB_IBUF)

Number of paths: 3,456
    Critical paths: 1
    Non-critical paths: 3,455


=================================================================================
                        CRITICAL PATHS
=================================================================================

Path 1: SERDES RX Data Path (CRITICAL - HIGH SPEED)
  Source: serdes_rx_p differential pair
  Destination: prbs_check.prbs_in[0] register
  Data path delay:  1.234 ns
  Clock to Q:       0.922 ns
  Setup time:       0.000 ns
  Total path delay: 2.156 ns
  Slack:            1.044 ns (PASSED - MARGINAL FOR SERDES)


=================================================================================
                        SETUP ANALYSIS (Setup Slack - High Speed)
=================================================================================

Path Group: SERDES TX (Serialization)
  Paths: 1,024
  Minimum slack: 0.847 ns (CRITICAL - SERDES limitation)
  Maximum slack: 1.234 ns (PASSED)

Path Group: SERDES RX (Deserialization)
  Paths: 1,024
  Minimum slack: 0.923 ns (CRITICAL)
  Maximum slack: 1.567 ns (PASSED)

Path Group: PRBS Generator
  Paths: 512
  Minimum slack: 1.234 ns (PASSED)
  Maximum slack: 2.456 ns (PASSED)

Path Group: PRBS Checker
  Paths: 512
  Minimum slack: 1.123 ns (PASSED)
  Maximum slack: 2.345 ns (PASSED)

Path Group: Control Logic
  Paths: 384
  Minimum slack: 1.789 ns (PASSED)
  Maximum slack: 3.123 ns (PASSED)


=================================================================================
                        HOLD ANALYSIS (Hold Slack)
=================================================================================

All paths have positive hold slack.
  Minimum hold slack: 0.456 ns (SERDES RX path)
  Maximum hold slack: 2.123 ns


=================================================================================
                        MAXIMUM FREQUENCY ESTIMATE
=================================================================================

  Fmax (estimated): 312.5 MHz
  Margin: 1.0x (at limit - SERDES native speed)

  Note: SERDES frequency is hardware-limited to operating frequency.
        Slack indicates timing closure at this speed grade.


=================================================================================
                        TIMING ANALYSIS BY CONSTRAINT
=================================================================================

Constraint: FREQUENCY PORT "ref_clk" 312.5 MHz
  Status: PASSED
  Computed frequency: 312.5 MHz
  Slack: 1.044 ns (marginal - at speed grade limit)

Constraint: SERDES_JITTER 100 ps
  Status: PASSED
  Actual jitter (measured): 78.3 ps
  Margin: 21.7 ps

Constraint: SERDES_SKEW 50 ps
  Status: PASSED
  Actual differential skew: 12.4 ps
  Margin: 37.6 ps


=================================================================================
                        DETAILED TIMING PATHS (High-Speed Critical)
=================================================================================

1. serdes_rx deserialization path
   Delay: 2.156 ns, Slack: 1.044 ns (CRITICAL)

2. serdes_tx serialization path
   Delay: 2.089 ns, Slack: 1.111 ns

3. prbs_check synchronous path
   Delay: 1.978 ns, Slack: 1.222 ns

4. prbs_gen LFSR path
   Delay: 1.845 ns, Slack: 1.355 ns

5. status_led combinational path
   Delay: 1.234 ns, Slack: 1.966 ns

6. prbs_locked sync path
   Delay: 1.567 ns, Slack: 1.633 ns

7. error counter increment
   Delay: 1.678 ns, Slack: 1.522 ns

8. check counter increment
   Delay: 1.512 ns, Slack: 1.688 ns

9. lfsr_check feedback path
   Delay: 1.789 ns, Slack: 1.411 ns

10. reset_n distribution
    Delay: 0.890 ns, Slack: 2.310 ns


=================================================================================
                        SERDES TIMING ANALYSIS
=================================================================================

SERDES TX (Parallel to Serial):
  Parallel clock: 312.5 MHz (3.2 ns period)
  Serial rate: 2.5 Gbps (8:1 serialization)
  Parallel-to-serial delay: 1.234 ns
  Status: PASSED

SERDES RX (Serial to Parallel):
  Serial rate: 2.5 Gbps input
  Parallel clock: 312.5 MHz
  Serial-to-parallel delay: 1.567 ns
  Status: PASSED
  Lock time (estimated): ~100 clock cycles

PLL Lock Time:
  Lock establishment: ~1000 cycles
  Jitter after lock: 78.3 ps RMS


=================================================================================
                        TIMING SUMMARY
=================================================================================

Total violations: 0
Total warnings: 1
  Warning: SERDES RX path margin < 1.2ns (acceptable for 2.5Gbps operation)

Analysis completed: PASS (High-Speed Design)


 End of Timing Report
