=== onewire_master ===

        +----------Local Count, excluding submodules.
        | 
      107 wires
      207 wire bits
      107 public wires
      207 public wire bits
       11 ports
       12 port bits
      128 submodules
       45   SB_CARRY
       21   SB_DFFER
        2   SB_DFFES
       60   SB_LUT4

=== design hierarchy ===

        +----------Count including submodules.
        | 
        - onewire_master

        +----------Count including submodules.
        | 
      107 wires
      207 wire bits
      107 public wires
      207 public wire bits
       11 ports
       12 port bits
        - memories
        - memory bits
        - processes
        - cells
      128 submodules
       45   SB_CARRY
       21   SB_DFFER
        2   SB_DFFES
       60   SB_LUT4

3.49. Executing CHECK pass (checking for obvious problems).
Checking module onewire_master...
Found and reported 0 problems.

3.50. Executing JSON backend.


=== onewire_master ===

        +----------Local Count, excluding submodules.
        | 
      107 wires
      207 wire bits
      107 public wires
      207 public wire bits
       11 ports
       12 port bits
      128 cells
       45   SB_CARRY
       21   SB_DFFER
        2   SB_DFFES
       60   SB_LUT4