=== audio_top ===

        +----------Local Count, excluding submodules.
        | 
       58 wires
      153 wire bits
       58 public wires
      153 public wire bits
        3 ports
        3 port bits
        4 cells
        2   $scopeinfo
        2   SB_RAM40_4K
       48 submodules
       14   SB_CARRY
       16   SB_DFFR
       18   SB_LUT4

=== design hierarchy ===

        +----------Count including submodules.
        | 
        4 audio_top

        +----------Count including submodules.
        | 
       58 wires
      153 wire bits
       58 public wires
      153 public wire bits
        3 ports
        3 port bits
        - memories
        - memory bits
        - processes
        4 cells
        2   $scopeinfo
        2   SB_RAM40_4K
       48 submodules
       14   SB_CARRY
       16   SB_DFFR
       18   SB_LUT4

5.49. Executing CHECK pass (checking for obvious problems).
Checking module audio_top...
Found and reported 0 problems.

5.50. Executing JSON backend.


=== audio_top ===

        +----------Local Count, excluding submodules.
        | 
       58 wires
      153 wire bits
       58 public wires
      153 public wire bits
        3 ports
        3 port bits
       52 cells
        2   $scopeinfo
       14   SB_CARRY
       16   SB_DFFR
       18   SB_LUT4
        2   SB_RAM40_4K

Warnings: 3 unique messages, 3 total