Synthesis report
Thu Apr 23 21:26:03 2026
Quartus Prime Version 25.3.0 Build 109 09/24/2025 SC Pro Edition


---------------------
; Table of Contents ;
---------------------
  1. Legal Notice
  2. Synthesis Summary
  3. Synthesis Settings
  4. Synthesis Source Files Read
  5. Synthesis Partition Summary
---- Analysis & Elaboration Stage Reports ----
       6. Top Causes of Logic Optimized Away During Sweep
---- Logic Synthesis Stage Reports ----
       7. Partition "root_partition" Resource Utilization by Entity
       8. General Register Statistics for Partition "root_partition"
       9. Tri-State Buffers Converted to Open-Drain
      10. Post-Synthesis Netlist Statistics for Partition "root_partition"
      11. Synthesis Resource Usage Summary for Partition "root_partition"
 12. Warnings for nios_top.v
 13. General Warnings
 14. Synthesis Messages



----------------
; Legal Notice ;
----------------
Copyright (C) 2025  Altera Corporation. All rights reserved.
Your use of Altera Corporation's design tools, logic functions 
and other software and tools, and any partner logic 
functions, and any output files from any of the foregoing 
(including device programming or simulation files), and any 
associated documentation or information are expressly subject 
to the terms and conditions of the Altera Program License 
Subscription Agreement, the Altera Quartus Prime License Agreement,
the Altera IP License Agreement, or other applicable license
agreement, including, without limitation, that your use is for
the sole purpose of programming logic devices manufactured by
Altera and sold by Altera or its authorized distributors.  Please
refer to the Altera Software License Subscription Agreements 
on the Quartus Prime software download page.



+-----------------------------------------------------------------------------------+
; Synthesis Summary                                                                 ;
+--------------------------------------+--------------------------------------------+
; Synthesis Status                     ; Successful - Thu Apr 23 21:26:03 2026      ;
; Revision Name                        ; nios_hello                                 ;
; Top-level Entity Name                ; nios_top                                   ;
; Family                               ; Cyclone 10 GX                              ;
; Quartus Prime Version                ; 25.3.0 Build 109 09/24/2025 SC Pro Edition ;
; Device                               ; 10CX085YU484E5G                            ;
; Logic utilization estimate (in ALMs) ; 8 / 31,000 ( < 1 % )                       ;
; Total registers                      ; 0                                          ;
; Estimated DSP Blocks Post-Merging    ; 0                                          ;
+--------------------------------------+--------------------------------------------+


+-------------------------------------------------------------------------------------------------------------------------------------+
; Synthesis Settings                                                                                                                  ;
+---------------------------------------------------------------------------------+-------------------------+-------------------------+
; Option                                                                          ; Setting                 ; Default Value           ;
+---------------------------------------------------------------------------------+-------------------------+-------------------------+
; Device                                                                          ; 10CX085YU484E5G         ;                         ;
; Top-level entity name                                                           ; nios_top                ; nios_hello              ;
; Family name                                                                     ; Cyclone 10 GX           ; Cyclone 10 GX           ;
; Maximum processors allowed for parallel compilation                             ; 4                       ;                         ;
; Enable parallel Assembler and Timing Analyzer during compilation                ; On                      ; On                      ;
; Enable compact report table                                                     ; Off                     ; Off                     ;
; Design Assistant include IP blocks                                              ; Off                     ; Off                     ;
; High fanout net threshold for RAM inference                                     ; 15                      ; 15                      ;
; Design Assistant limit on reported violations per rule                          ; 5000                    ; 5000                    ;
; Optimization Mode                                                               ; Balanced                ; Balanced                ;
; Allow Register Merging                                                          ; On                      ; On                      ;
; Allow Register Duplication                                                      ; On                      ; On                      ;
; Allow Register Retiming                                                         ; On                      ; On                      ;
; Restructure Multiplexers                                                        ; Auto                    ; Auto                    ;
; Waive gated clock synchronizer check                                            ; On                      ; On                      ;
; MLAB Add Timing Constraints For Mixed-Port Feed-Through Mode Setting Don't Care ; Off                     ; Off                     ;
; Preserve fewer node names                                                       ; On                      ; On                      ;
; Intel FPGA IP Evaluation Mode                                                   ; Enable                  ; Enable                  ;
; Verilog Version                                                                 ; Verilog_2001            ; Verilog_2001            ;
; VHDL Version                                                                    ; VHDL_1993               ; VHDL_1993               ;
; State Machine Processing                                                        ; Auto                    ; Auto                    ;
; Safe State Machine                                                              ; Auto                    ; Auto                    ;
; Iteration limit for constant Verilog loops                                      ; 5000                    ; 5000                    ;
; Iteration limit for non-constant Verilog loops                                  ; 250                     ; 250                     ;
; Infer RAMs from Raw Logic                                                       ; On                      ; On                      ;
; DSP Action on miss                                                              ; Ignore                  ; Ignore                  ;
; DSP Block Balancing                                                             ; Auto                    ; Auto                    ;
; NOT Gate Push-Back                                                              ; On                      ; On                      ;
; Power-Up Don't Care                                                             ; On                      ; On                      ;
; Remove Redundant Logic Cells                                                    ; Off                     ; Off                     ;
; Remove Duplicate Registers                                                      ; On                      ; On                      ;
; Ignore GLOBAL Buffers                                                           ; Off                     ; Off                     ;
; Ignore LCELL Buffers                                                            ; Off                     ; Off                     ;
; Ignore SOFT Buffers                                                             ; On                      ; On                      ;
; Optimization Technique                                                          ; Balanced                ; Balanced                ;
; Auto Open-Drain Pins                                                            ; On                      ; On                      ;
; Perform WYSIWYG Primitive Resynthesis                                           ; Off                     ; Off                     ;
; Auto ROM Replacement                                                            ; On                      ; On                      ;
; Auto RAM Replacement                                                            ; On                      ; On                      ;
; Auto DSP Block Replacement                                                      ; On                      ; On                      ;
; Auto Shift Register Replacement                                                 ; Auto                    ; Auto                    ;
; Allow Shift Register Merging across Hierarchies                                 ; Auto                    ; Auto                    ;
; Auto Clock Enable Replacement                                                   ; On                      ; On                      ;
; Strict RAM Replacement                                                          ; Off                     ; Off                     ;
; Allow Synchronous Control Signals                                               ; On                      ; On                      ;
; Force Use of Synchronous Clear Signals                                          ; Off                     ; Off                     ;
; Auto Resource Sharing                                                           ; Off                     ; Off                     ;
; Allow Any RAM Size For Recognition                                              ; Off                     ; Off                     ;
; Allow Any Shift Register Size For Recognition                                   ; Off                     ; Off                     ;
; Ignore translate_off and synthesis_off directives                               ; Off                     ; Off                     ;
; Timing-Driven Synthesis                                                         ; On                      ; On                      ;
; Report Propagation of Constraints                                               ; On                      ; On                      ;
; Ignore Maximum Fan-Out Assignments                                              ; Off                     ; Off                     ;
; Maximum Synchronizer Length Protected during Optimization                       ; 3                       ; 3                       ;
; Power Optimization During Synthesis                                             ; Normal compilation      ; Normal compilation      ;
; HDL message level                                                               ; Level2                  ; Level2                  ;
; Number of Protected Registers Reported in Synthesis Report                      ; 100                     ; 100                     ;
; Number of Removed Registers Reported in Synthesis Report                        ; 5000                    ; 5000                    ;
; Number of Optimized Away Hierarchies Reported in Synthesis Report               ; 100                     ; 100                     ;
; Number of Top Root Causes Reported in Synthesis Report                          ; 10                      ; 10                      ;
; Group Identical Hierarchies in Optimized Away Hierarchies Report                ; On                      ; On                      ;
; Number of Swept Nodes Reported in Synthesis Report                              ; 5000                    ; 5000                    ;
; Number of Inverted Registers Reported in Synthesis Report                       ; 100                     ; 100                     ;
; Clock MUX Protection                                                            ; On                      ; On                      ;
; Auto Gated Clock Conversion                                                     ; Off                     ; Off                     ;
; Block Design Naming                                                             ; Auto                    ; Auto                    ;
; SDC constraint protection                                                       ; Off                     ; Off                     ;
; Optimization and Constraint Precedence                                          ; Prioritize Optimization ; Prioritize Optimization ;
; Synthesis Effort                                                                ; Auto                    ; Auto                    ;
; Shift Register Replacement - Allow Asynchronous Clear Signal                    ; On                      ; On                      ;
; Analysis & Synthesis Message Level                                              ; Medium                  ; Medium                  ;
; Disable Register Merging Across Hierarchies                                     ; Auto                    ; Auto                    ;
; Resource Aware Inference For Block RAM                                          ; On                      ; On                      ;
; Automatic Parallel Synthesis                                                    ; On                      ; On                      ;
; Partial Reconfiguration Bitstream ID                                            ; Off                     ; Off                     ;
; Disable DSP Negate Inferencing                                                  ; Off                     ; Off                     ;
; Report Parameter Settings                                                       ; On                      ; On                      ;
; Report Parameter Settings to ASCII                                              ; On                      ; On                      ;
; Report Source Assignments                                                       ; On                      ; On                      ;
; Report Source Assignments to ASCII                                              ; On                      ; On                      ;
; Report Resource Utilization by Entity to ASCII                                  ; On                      ; On                      ;
; Size of the Latch Report                                                        ; 100                     ; 100                     ;
; Enable VHDL static assertion support                                            ; Off                     ; Off                     ;
; Enable SystemVerilog static assertion support                                   ; Off                     ; Off                     ;
; Enable State Machines Inference                                                 ; On                      ; On                      ;
; Allow RAMs Inferred In Generate-For Loop For Verilog                            ; Off                     ; Off                     ;
; Enable formal verification support during compilation                           ; Off                     ; Off                     ;
; Size of the PR Initial Conditions Report                                        ; 100                     ; 100                     ;
; Number of Registers with Ignored Power-Up Settings Reported in Synthesis Report ; 500                     ; 500                     ;
; Report PR Initial Values as Errors                                              ; Off                     ; Off                     ;
; Fractal Synthesis                                                               ; Off                     ; Off                     ;
; Synthesis Available Resource Multiplier                                         ; 1                       ; 1                       ;
; Message Level for Unconnected Output Ports                                      ; Warning                 ; Warning                 ;
; Pack Barrelshifters into Carry Chains for Better Area                           ; Auto                    ; Auto                    ;
; Initialize Verilog enums to X                                                   ; Off                     ; Off                     ;
; Enable dynamic report                                                           ; Off                     ; Off                     ;
; Show Collapsible Rows in Ascii Report for Warning Summary Reports               ; On                      ; On                      ;
; Enable RTL Analysis Debug Mode                                                  ; Off                     ; Off                     ;
; Enable preserve for debug assignments                                           ; Off                     ; Off                     ;
+---------------------------------------------------------------------------------+-------------------------+-------------------------+


+----------------------------------------------------------------------------------------------------------------------------------------------------------------------------------------------------------------------------------------------------------------------------------------------+
; Synthesis Source Files Read                                                                                                                                                                                                                                                                  ;
+----------------------------------+-----------------------------------------------------------------------------+----------------------------------------------------------------------------------------------------+---------+-----------+---------------+----------------------------------+
; File Name with User-Entered Path ; File Type                                                                   ; File Name with Absolute Path                                                                       ; Library ; IP Source ; Include Files ; MD5                              ;
+----------------------------------+-----------------------------------------------------------------------------+----------------------------------------------------------------------------------------------------+---------+-----------+---------------+----------------------------------+
; gpio_ctrl.v                      ; User-Specified Verilog HDL File                                             ; C:/Users/tcove/OneDrive/Desktop/Projects/CovertEDA-Examples/quartus/nios_hello/.build/gpio_ctrl.v  ;         ;           ;               ; 498d4331e37f14a10eac48e96ba60cb2 ;
; nios_top.v                       ; User-Specified Verilog HDL File                                             ; C:/Users/tcove/OneDrive/Desktop/Projects/CovertEDA-Examples/quartus/nios_hello/.build/nios_top.v   ;         ;           ;               ; a83b28ef99e88327b014bcda8bf4b027 ;
; system_pll.v                     ; User-Specified Verilog HDL File                                             ; C:/Users/tcove/OneDrive/Desktop/Projects/CovertEDA-Examples/quartus/nios_hello/.build/system_pll.v ;         ;           ;               ; b79a1d5bd0eaedbef669a1fbec9e8d65 ;
; nios.sdc                         ; User-Specified SDC File (Read by the Timing Analyzer at each fitter stage)  ; C:/Users/tcove/OneDrive/Desktop/Projects/CovertEDA-Examples/quartus/nios_hello/.build/nios.sdc     ;         ;           ;               ; e15117554cb74a9a16d7aedc203ed33e ;
+----------------------------------+-----------------------------------------------------------------------------+----------------------------------------------------------------------------------------------------+---------+-----------+---------------+----------------------------------+


+--------------------------------------------------------------------------------------------+
; Synthesis Partition Summary                                                                ;
+----------------+----------------+---------+--------------+-------+-------------------------+
; Partition Name ; Hierarchy Path ; Type    ; Preservation ; Empty ; Partition Database File ;
+----------------+----------------+---------+--------------+-------+-------------------------+
; root_partition ; |              ; Default ;              ;       ;                         ;
+----------------+----------------+---------+--------------+-------+-------------------------+


Top root causes of logic optimization that have been identified during sweep. For more details and filtering options, ensure that you have compiled with the "Enable RTL Analysis Debug Mode " setting turned on under Assignments->Settings->Compiler Settings, then go to the " Root Causes Tab " in the " Sweep Hints Viewer " tool in the " RTL Analyzer ".
+-----------------------------------------------------------------------------------------------------------+
; Top Causes of Logic Optimized Away During Sweep                                                           ;
+----------------------------+------------------+-------------------------------------+---------------------+
; Root Object Path           ; Root Object Type ; Root Reason                         ; Swept Objects Count ;
+----------------------------+------------------+-------------------------------------+---------------------+
; nios_write                 ; NET              ; undriven net set to default value 0 ; 68                  ;
; nios_address[0]            ; NET              ; undriven net set to default value 0 ; 9                   ;
; gpio_controller|data_in[7] ; OUTPUT_INST_PORT ; lost_fanout                         ; 5                   ;
; nios_address[2]            ; NET              ; undriven net set to default value 0 ; 2                   ;
; nios_address[3]            ; NET              ; undriven net set to default value 0 ; 2                   ;
; gpio_controller|data_in[6] ; OUTPUT_INST_PORT ; lost_fanout                         ; 2                   ;
; gpio_controller|data_in[5] ; OUTPUT_INST_PORT ; lost_fanout                         ; 2                   ;
; gpio_controller|data_in[4] ; OUTPUT_INST_PORT ; lost_fanout                         ; 2                   ;
; gpio_controller|data_in[3] ; OUTPUT_INST_PORT ; lost_fanout                         ; 2                   ;
; gpio_controller|data_in[2] ; OUTPUT_INST_PORT ; lost_fanout                         ; 2                   ;
+----------------------------+------------------+-------------------------------------+---------------------+
Table limited at 10 items. To change the number of top root causes reported, set the "Number of Top Root Causes Reported in Synthesis Report " option under Assignments->Settings->Compiler Settings->Advanced Settings (Synthesis)


+-------------------------------------------------------------------------------------------------------------------------------------------------------------------------------------------------------------+
; Partition "root_partition" Resource Utilization by Entity                                                                                                                                                   ;
+----------------------------+---------------------+---------------------------+-------------------+------------+------+--------------+--------+-----------+---------------------+-------------+--------------+
; Compilation Hierarchy Node ; Combinational ALUTs ; Dedicated Logic Registers ; Block Memory Bits ; DSP Blocks ; Pins ; Virtual Pins ; IOPLLs ; Max Depth ; Full Hierarchy Name ; Entity Name ; Library Name ;
+----------------------------+---------------------+---------------------------+-------------------+------------+------+--------------+--------+-----------+---------------------+-------------+--------------+
; |                          ; 1 (1)               ; 0 (0)                     ; 0                 ; 0          ; 34   ; 0            ; 0 (0)  ; 0.0 (0.0) ; |                   ; nios_top    ; altera_work  ;
+----------------------------+---------------------+---------------------------+-------------------+------------+------+--------------+--------+-----------+---------------------+-------------+--------------+
Note: For table entries with two numbers listed, the numbers in parentheses indicate the number of resources of the given type used by the specific entity alone. The numbers listed outside of parentheses indicate the total resources of the given type used by the specific entity and all of its sub-entities in the hierarchy.


+------------------------------------------------------------+
; General Register Statistics for Partition "root_partition" ;
+----------------------------------------------+-------------+
; Statistic                                    ; Value       ;
+----------------------------------------------+-------------+
; Total registers                              ; 0           ;
; Number of registers using Synchronous Clear  ; 0           ;
; Number of registers using Synchronous Load   ; 0           ;
; Number of registers using Asynchronous Clear ; 0           ;
; Number of registers using Asynchronous Load  ; 0           ;
; Number of registers using Clock Enable       ; 0           ;
; Number of registers using Preset             ; 0           ;
+----------------------------------------------+-------------+


+-------------------------------------------+
; Tri-State Buffers Converted to Open-Drain ;
+-------------------------------------------+
; Node Name                                 ;
+-------------------------------------------+
; gpio_bidir[0..7]                          ;
; Total Number of Converted Buffers = 8     ;
+-------------------------------------------+


+------------------------------------------------------------------+
; Post-Synthesis Netlist Statistics for Partition "root_partition" ;
+------------------------+-----------------------------------------+
; Type                   ; Count                                   ;
+------------------------+-----------------------------------------+
; boundary_port          ; 34                                      ;
; cyclone10gx_io_obuf    ; 8                                       ;
; cyclone10gx_lcell_comb ; 1                                       ;
;     normal             ; 1                                       ;
;         0 data inputs  ; 1                                       ;
;                        ;                                         ;
; Number of carry chains ; 0                                       ;
; Max carry chain length ; 0                                       ;
;                        ;                                         ;
; Max LUT depth          ; 0.00                                    ;
; Average LUT depth      ; 0.00                                    ;
+------------------------+-----------------------------------------+


+-----------------------------------------------------------------+
; Synthesis Resource Usage Summary for Partition "root_partition" ;
+---------------------------------------------+-------------------+
; Resource                                    ; Usage             ;
+---------------------------------------------+-------------------+
; Estimate of Logic utilization (ALMs needed) ; 8                 ;
;                                             ;                   ;
; Combinational ALUT usage for logic          ; 1                 ;
;     -- 7 input functions                    ; 0                 ;
;     -- 6 input functions                    ; 0                 ;
;     -- 5 input functions                    ; 0                 ;
;     -- 4 input functions                    ; 0                 ;
;     -- <=3 input functions                  ; 1                 ;
;                                             ;                   ;
; Dedicated logic registers                   ; 0                 ;
;                                             ;                   ;
; I/O pins                                    ; 34                ;
;                                             ;                   ;
; Total DSP Blocks                            ; 0                 ;
;     -- [A] Total Fixed Point DSP Blocks     ; 0                 ;
;     -- [B] Total Floating Point DSP Blocks  ; 0                 ;
;                                             ;                   ;
; Maximum fan-out node                        ; ~GND              ;
; Maximum fan-out                             ; 16                ;
; Total fan-out                               ; 24                ;
; Average fan-out                             ; 0.56              ;
+---------------------------------------------+-------------------+


+-------------------------------------------------------------------------------------------------------------------+
; Warnings for nios_top.v                                                                                           ;
+-----------------+----------+-------+------------------------------------------------------------------------------+
; Message ID      ; Severity ; Count ; Sample Warning                                                               ;
+-----------------+----------+-------+------------------------------------------------------------------------------+
; 13024:13410     ; Warning  ; 2     ; Output pins are stuck at VCC or GND : Pin "led_output[0..7]" is stuck at GND ;
;     13024:13410 ;          ;       ; Output pins are stuck at VCC or GND : Pin "led_output[0..7]" is stuck at GND ;
;     13024:13410 ;          ;       ; Output pins are stuck at VCC or GND : Pin "seg_output[0..7]" is stuck at GND ;
; 16788           ; Warning  ; 3     ; Net "nios_address[15]" does not have a driver at nios_top.v(19)              ;
;     16788       ;          ;       ; Net "nios_address[15]" does not have a driver at nios_top.v(19)              ;
;     16788       ;          ;       ; Net "nios_writedata[7]" does not have a driver at nios_top.v(20)             ;
;     16788       ;          ;       ; Net "nios_write" does not have a driver at nios_top.v(23)                    ;
+-----------------+----------+-------+------------------------------------------------------------------------------+


+----------------------------------------------------------------------------------------------------------------------------------------------------------------------------+
; General Warnings                                                                                                                                                           ;
+------------+----------+-------+--------------------------------------------------------------------------------------------------------------------------------------------+
; Message ID ; Severity ; Count ; Sample Warning                                                                                                                             ;
+------------+----------+-------+--------------------------------------------------------------------------------------------------------------------------------------------+
; 24566      ; Warning  ; 1     ; Tri-state buffers with data GND converted to open-drain buffers. See report panel "Tri-State Buffers Converted to Open-Drain" for details. ;
+------------+----------+-------+--------------------------------------------------------------------------------------------------------------------------------------------+


+--------------------+
; Synthesis Messages ;
+--------------------+
Info: *******************************************************************
Info: Running Quartus Prime Synthesis
    Info: Version 25.3.0 Build 109 09/24/2025 SC Pro Edition
    Info: Processing started: Thu Apr 23 21:25:55 2026
    Info: System process ID: 3636
Info: Command: quartus_syn --read_settings_files=on --write_settings_files=off nios_hello -c nios_hello --dni
Info: qis_default_flow_script.tcl version: #2
Info: Initializing Synthesis...
Info: Project = "nios_hello"
Info: Revision = "nios_hello"
Info (21958): Initialized Quartus Message Database
Info: Analyzing source files
Info: Elaborating from top-level entity "nios_top"
Warning (16788): Net "nios_address[15]" does not have a driver at nios_top.v(19) File: C:/Users/tcove/OneDrive/Desktop/Projects/CovertEDA-Examples/quartus/nios_hello/.build/nios_top.v Line: 19
Warning (16788): Net "nios_writedata[7]" does not have a driver at nios_top.v(20) File: C:/Users/tcove/OneDrive/Desktop/Projects/CovertEDA-Examples/quartus/nios_hello/.build/nios_top.v Line: 20
Warning (16788): Net "nios_write" does not have a driver at nios_top.v(23) File: C:/Users/tcove/OneDrive/Desktop/Projects/CovertEDA-Examples/quartus/nios_hello/.build/nios_top.v Line: 23
Info: Found 3 design entities
Info: There are 3 partitions after elaboration.
Info: DA report generation in native DNI mode
Info (21615): Running Design Assistant Rules for snapshot 'partitioned'
Info: No waiver waived any violations
Info (22360): Design Assistant Results: 3 of 3 enabled rules passed, and 0 rules was disabled, in snapshot 'partitioned'
Info (21622): Design Assistant Results: 0 of 3 Low severity rules issued violations in snapshot 'partitioned'
Info: Synthesizing partition "root_partition"
Warning (13024): Output pins are stuck at VCC or GND
    Warning (13410): Pin "led_output[0..7]" is stuck at GND File: C:/Users/tcove/OneDrive/Desktop/Projects/CovertEDA-Examples/quartus/nios_hello/.build/nios_top.v Line: 8
    Warning (13410): Pin "seg_output[0..7]" is stuck at GND File: C:/Users/tcove/OneDrive/Desktop/Projects/CovertEDA-Examples/quartus/nios_hello/.build/nios_top.v Line: 9
Warning (24566): Tri-state buffers with data GND converted to open-drain buffers. See report panel "Tri-State Buffers Converted to Open-Drain" for details.
Info (21057): Implemented 35 device resources after synthesis - the final resource count might be different
    Info (21058): Implemented 10 input pins
    Info (21059): Implemented 16 output pins
    Info (21060): Implemented 8 bidirectional pins
    Info (21061): Implemented 1 logic cells
Info: Successfully synthesized partition
Info: Saving post-synthesis snapshots for 1 partition(s)
Info: Quartus Prime Synthesis was successful. 0 errors, 4 warnings
    Info: Peak virtual memory: 802 megabytes
    Info: Processing ended: Thu Apr 23 21:26:03 2026
    Info: Elapsed time: 00:00:08
    Info: System process ID: 3636


