===============================================================================
                      SmartTime - Timing Analysis Report
===============================================================================

Device: MPF300T-1FCG1152I
Design: can_top
Date: 2026-03-21

===============================================================================
                              FMAX SUMMARY
===============================================================================

Clock Name          | Period (ns) | Frequency (MHz) | Slack (ns) | Status
------------------+-------------+-----------------+-----------+----------
sys_clk             | 6.25        | 160.0           | +0.5      | MET

===============================================================================
                         SETUP SLACK SUMMARY
===============================================================================

Clk Domain | Min Slack | Mean Slack | Max Path Delay | Num Paths
-----------+-----------+------------+----------------+----------
sys_clk    | +0.5 ns   | +2.1 ns    | 6.25 ns        | 567

All constraints are met.

===============================================================================
                         END OF REPORT
===============================================================================
