===============================================================================
                        Utilization Report
===============================================================================

Device: MPF300T-1FCG1152I
Design: can_top

===============================================================================
                         LOGIC UTILIZATION
===============================================================================

Resource Type          | Used  | Available | Utilization (%)
-----------------------+-------+-----------+----------------
4-LUT                  |  1890 |    299008 |         0.632%
Flip-Flops (DFF)       |  1234 |    598016 |         0.206%
LSRAM (32Kb)           |     4 |       936 |         0.428%
Adder/Subtractor       |     3 |     74752 |         0.004%

===============================================================================
                      POWER ESTIMATES
===============================================================================

Dynamic Power (25°C):  89.3 mW
Static Power (25°C):   22.7 mW
Total Power:          112.0 mW

===============================================================================
                         END OF REPORT
===============================================================================
