===============================================================================
                          SmartPower Report
===============================================================================

Device: MPF300T-1FCG484I
Design: blinky_top
Tool Version: Libero SoC 2024.2
Analysis Type: Post-Place & Route
Date: 2026-03-21

===============================================================================
                      POWER SUMMARY BY DOMAIN
===============================================================================

Power Domain          | Type       | Power (mW) | Percentage
----------------------+------------+------------+----------
Core (1.0V)          | Dynamic    |  45.2      | 50.7%
Core (1.0V)          | Static     |  12.1      | 13.6%
I/O (3.3V)           | Dynamic    |  28.5      | 31.9%
I/O (3.3V)           | Static     |   3.4      | 3.8%
                     |            |            |
TOTAL                |            |  89.2 mW   | 100%

===============================================================================
                     DYNAMIC POWER BY COMPONENT
===============================================================================

Component             | Toggle Rate (%) | Power (mW) | % Total
----------------------+-----------------+------------+--------
Logic (LUTs)         |      15.2       |  18.3      | 40.5%
Registers (DFFs)     |      12.8       |  16.4      | 36.3%
Routing/Interconnect |       8.5       |   8.9      | 19.7%
Clock Distribution   |     100.0       |   2.1      | 4.6%
I/O Switching        |      25.6       |  28.5      | 63.1%

===============================================================================
                      LEAKAGE POWER BY VOLTAGE
===============================================================================

Voltage Domain        | Temperature (C) | Leakage (mW) | Percentage
----------------------+-----------------+--------------+----------
Core (1.0V)          |      25         |    12.1      | 78.1%
I/O (3.3V)           |      25         |     3.4      | 21.9%
                     |                 |              |
Total Static         |                 |    15.5 mW   | 17.4%

===============================================================================
                      CLOCK DOMAIN POWER
===============================================================================

Clock Domain         | Frequency | Nets | Power (mW) | Activity Factor
---------------------+-----------+------+------------+----------------
sys_clk              | 50.0 MHz  | 156  |    34.2    | 0.89

===============================================================================
                       I/O POWER BREAKDOWN
===============================================================================

Signal          | Bank | Direction | Voltage | Toggle Rate | Power (mW)
----------------+------+-----------+---------+-------------+-----------
clk             |  1   | Input     | 3.3V    |   100%      |    8.2
rst_n           |  1   | Input     | 3.3V    |    12%      |    1.1
led             |  2   | Output    | 3.3V    |    25%      |   19.2

===============================================================================
                    POWER AT DIFFERENT TEMPERATURES
===============================================================================

Temperature (C) | Total Power (mW) | Dynamic (mW) | Static (mW)
----------------+------------------+--------------+------------
-40             |     78.5          |    59.8      |    18.7
  0             |     82.1          |    62.3      |    19.8
 25             |     89.2          |    73.7      |    15.5
 50             |     98.6          |    81.2      |    17.4
 70             |    112.3          |    94.1      |    18.2

===============================================================================
                      POWER ESTIMATES SUMMARY
===============================================================================

Design Frequency     : 50.0 MHz
Ambient Temperature  : 25°C
Total Estimated Power: 89.2 mW
Junction Temperature : 28.4°C
Thermal Design Power : 125 mW

===============================================================================
                         END OF REPORT
===============================================================================
