===============================================================================
                        Utilization Report
===============================================================================

Device: MPF300T-1FCG484I
Design: blinky_top
Date: 2026-03-21

===============================================================================
                         LOGIC UTILIZATION
===============================================================================

Resource Type          | Used  | Available | Utilization (%)
-----------------------+-------+-----------+----------------
4-LUT                  |   256 |    299008 |         0.086%
6-LUT                  |     0 |    149504 |         0.000%
Distributed RAM (DRAM) |     0 |     18688 |         0.000%
Flip-Flops (DFF)       |   128 |    598016 |         0.021%
Carry Logic            |     0 |    149504 |         0.000%
Adder/Subtractor       |     1 |     74752 |         0.001%
Multiplier             |     0 |       936 |         0.000%
LSRAM (32Kb)           |     0 |       936 |         0.000%
uSRAM (64Kb)           |     0 |       468 |         0.000%
PLL/DLL                |     0 |         4 |         0.000%

===============================================================================
                         BLOCK RAM UTILIZATION
===============================================================================

LSRAM Blocks           | Used  | Available | Utilization (%)
                      |     0 |       936 |         0.000%

uSRAM Blocks          | Used  | Available | Utilization (%)
                      |     0 |       468 |         0.000%

===============================================================================
                          I/O UTILIZATION
===============================================================================

GPIO Available        | 432
GPIO Used             |   3 (clk, rst_n, led)
Utilization (%)       | 0.694%

Bank   | Voltage | I/Os Used | I/Os Available | Utilization
-------|---------|-----------|----------------|------------
Bank 1 | 3.3V    |     2     |       54       |    3.70%
Bank 2 | 3.3V    |     1     |       54       |    1.85%

===============================================================================
                       DESIGN SUMMARY
===============================================================================

Total Slice Area           : 256 4-LUTs
Total Registers            : 128 DFFs
Total BRAM                 : 0 LSRAM, 0 uSRAM
Clock Domains             : 1
Adders Used               : 1
Multipliers               : 0

===============================================================================
                         END OF REPORT
===============================================================================
