Synthesis report
Fri Apr 24 13:20:18 2026
Quartus Prime Version 25.3.0 Build 109 09/24/2025 SC Pro Edition


---------------------
; Table of Contents ;
---------------------
  1. Legal Notice
  2. Synthesis Summary
  3. Synthesis Settings
  4. Synthesis Source Files Read
  5. Synthesis Partition Summary
---- Analysis & Elaboration Stage Reports ----
---- Logic Synthesis Stage Reports ----
       6. Partition "root_partition" Resource Utilization by Entity
       7. General Register Statistics for Partition "root_partition"
       8. Multiplexer Restructuring Statistics (Restructuring Performed)
       9. Post-Synthesis Netlist Statistics for Partition "root_partition"
      10. Synthesis Resource Usage Summary for Partition "root_partition"
 11. Synthesis Messages



----------------
; Legal Notice ;
----------------
Copyright (C) 2025  Altera Corporation. All rights reserved.
Your use of Altera Corporation's design tools, logic functions 
and other software and tools, and any partner logic 
functions, and any output files from any of the foregoing 
(including device programming or simulation files), and any 
associated documentation or information are expressly subject 
to the terms and conditions of the Altera Program License 
Subscription Agreement, the Altera Quartus Prime License Agreement,
the Altera IP License Agreement, or other applicable license
agreement, including, without limitation, that your use is for
the sole purpose of programming logic devices manufactured by
Altera and sold by Altera or its authorized distributors.  Please
refer to the Altera Software License Subscription Agreements 
on the Quartus Prime software download page.



+-----------------------------------------------------------------------------------+
; Synthesis Summary                                                                 ;
+--------------------------------------+--------------------------------------------+
; Synthesis Status                     ; Successful - Fri Apr 24 13:20:18 2026      ;
; Revision Name                        ; clock_divider                              ;
; Top-level Entity Name                ; clock_divider                              ;
; Family                               ; Cyclone 10 GX                              ;
; Quartus Prime Version                ; 25.3.0 Build 109 09/24/2025 SC Pro Edition ;
; Device                               ; 10CX085YU484E5G                            ;
; Logic utilization estimate (in ALMs) ; 13 / 31,000 ( < 1 % )                      ;
; Total registers                      ; 18                                         ;
; Estimated DSP Blocks Post-Merging    ; 0                                          ;
+--------------------------------------+--------------------------------------------+


+-------------------------------------------------------------------------------------------------------------------------------------+
; Synthesis Settings                                                                                                                  ;
+---------------------------------------------------------------------------------+-------------------------+-------------------------+
; Option                                                                          ; Setting                 ; Default Value           ;
+---------------------------------------------------------------------------------+-------------------------+-------------------------+
; Device                                                                          ; 10CX085YU484E5G         ;                         ;
; Top-level entity name                                                           ; clock_divider           ; clock_divider           ;
; Family name                                                                     ; Cyclone 10 GX           ; Cyclone 10 GX           ;
; Maximum processors allowed for parallel compilation                             ; 4                       ;                         ;
; Enable parallel Assembler and Timing Analyzer during compilation                ; On                      ; On                      ;
; Enable compact report table                                                     ; Off                     ; Off                     ;
; Design Assistant include IP blocks                                              ; Off                     ; Off                     ;
; High fanout net threshold for RAM inference                                     ; 15                      ; 15                      ;
; Design Assistant limit on reported violations per rule                          ; 5000                    ; 5000                    ;
; Optimization Mode                                                               ; Balanced                ; Balanced                ;
; Allow Register Merging                                                          ; On                      ; On                      ;
; Allow Register Duplication                                                      ; On                      ; On                      ;
; Allow Register Retiming                                                         ; On                      ; On                      ;
; Restructure Multiplexers                                                        ; Auto                    ; Auto                    ;
; Waive gated clock synchronizer check                                            ; On                      ; On                      ;
; MLAB Add Timing Constraints For Mixed-Port Feed-Through Mode Setting Don't Care ; Off                     ; Off                     ;
; Preserve fewer node names                                                       ; On                      ; On                      ;
; Intel FPGA IP Evaluation Mode                                                   ; Enable                  ; Enable                  ;
; Verilog Version                                                                 ; Verilog_2001            ; Verilog_2001            ;
; VHDL Version                                                                    ; VHDL_1993               ; VHDL_1993               ;
; State Machine Processing                                                        ; Auto                    ; Auto                    ;
; Safe State Machine                                                              ; Auto                    ; Auto                    ;
; Iteration limit for constant Verilog loops                                      ; 5000                    ; 5000                    ;
; Iteration limit for non-constant Verilog loops                                  ; 250                     ; 250                     ;
; Infer RAMs from Raw Logic                                                       ; On                      ; On                      ;
; DSP Action on miss                                                              ; Ignore                  ; Ignore                  ;
; DSP Block Balancing                                                             ; Auto                    ; Auto                    ;
; NOT Gate Push-Back                                                              ; On                      ; On                      ;
; Power-Up Don't Care                                                             ; On                      ; On                      ;
; Remove Redundant Logic Cells                                                    ; Off                     ; Off                     ;
; Remove Duplicate Registers                                                      ; On                      ; On                      ;
; Ignore GLOBAL Buffers                                                           ; Off                     ; Off                     ;
; Ignore LCELL Buffers                                                            ; Off                     ; Off                     ;
; Ignore SOFT Buffers                                                             ; On                      ; On                      ;
; Optimization Technique                                                          ; Balanced                ; Balanced                ;
; Auto Open-Drain Pins                                                            ; On                      ; On                      ;
; Perform WYSIWYG Primitive Resynthesis                                           ; Off                     ; Off                     ;
; Auto ROM Replacement                                                            ; On                      ; On                      ;
; Auto RAM Replacement                                                            ; On                      ; On                      ;
; Auto DSP Block Replacement                                                      ; On                      ; On                      ;
; Auto Shift Register Replacement                                                 ; Auto                    ; Auto                    ;
; Allow Shift Register Merging across Hierarchies                                 ; Auto                    ; Auto                    ;
; Auto Clock Enable Replacement                                                   ; On                      ; On                      ;
; Strict RAM Replacement                                                          ; Off                     ; Off                     ;
; Allow Synchronous Control Signals                                               ; On                      ; On                      ;
; Force Use of Synchronous Clear Signals                                          ; Off                     ; Off                     ;
; Auto Resource Sharing                                                           ; Off                     ; Off                     ;
; Allow Any RAM Size For Recognition                                              ; Off                     ; Off                     ;
; Allow Any Shift Register Size For Recognition                                   ; Off                     ; Off                     ;
; Ignore translate_off and synthesis_off directives                               ; Off                     ; Off                     ;
; Timing-Driven Synthesis                                                         ; On                      ; On                      ;
; Report Propagation of Constraints                                               ; On                      ; On                      ;
; Ignore Maximum Fan-Out Assignments                                              ; Off                     ; Off                     ;
; Maximum Synchronizer Length Protected during Optimization                       ; 3                       ; 3                       ;
; Power Optimization During Synthesis                                             ; Normal compilation      ; Normal compilation      ;
; HDL message level                                                               ; Level2                  ; Level2                  ;
; Number of Protected Registers Reported in Synthesis Report                      ; 100                     ; 100                     ;
; Number of Removed Registers Reported in Synthesis Report                        ; 5000                    ; 5000                    ;
; Number of Optimized Away Hierarchies Reported in Synthesis Report               ; 100                     ; 100                     ;
; Number of Top Root Causes Reported in Synthesis Report                          ; 10                      ; 10                      ;
; Group Identical Hierarchies in Optimized Away Hierarchies Report                ; On                      ; On                      ;
; Number of Swept Nodes Reported in Synthesis Report                              ; 5000                    ; 5000                    ;
; Number of Inverted Registers Reported in Synthesis Report                       ; 100                     ; 100                     ;
; Clock MUX Protection                                                            ; On                      ; On                      ;
; Auto Gated Clock Conversion                                                     ; Off                     ; Off                     ;
; Block Design Naming                                                             ; Auto                    ; Auto                    ;
; SDC constraint protection                                                       ; Off                     ; Off                     ;
; Optimization and Constraint Precedence                                          ; Prioritize Optimization ; Prioritize Optimization ;
; Synthesis Effort                                                                ; Auto                    ; Auto                    ;
; Shift Register Replacement - Allow Asynchronous Clear Signal                    ; On                      ; On                      ;
; Analysis & Synthesis Message Level                                              ; Medium                  ; Medium                  ;
; Disable Register Merging Across Hierarchies                                     ; Auto                    ; Auto                    ;
; Resource Aware Inference For Block RAM                                          ; On                      ; On                      ;
; Automatic Parallel Synthesis                                                    ; On                      ; On                      ;
; Partial Reconfiguration Bitstream ID                                            ; Off                     ; Off                     ;
; Disable DSP Negate Inferencing                                                  ; Off                     ; Off                     ;
; Report Parameter Settings                                                       ; On                      ; On                      ;
; Report Parameter Settings to ASCII                                              ; On                      ; On                      ;
; Report Source Assignments                                                       ; On                      ; On                      ;
; Report Source Assignments to ASCII                                              ; On                      ; On                      ;
; Report Resource Utilization by Entity to ASCII                                  ; On                      ; On                      ;
; Size of the Latch Report                                                        ; 100                     ; 100                     ;
; Enable VHDL static assertion support                                            ; Off                     ; Off                     ;
; Enable SystemVerilog static assertion support                                   ; Off                     ; Off                     ;
; Enable State Machines Inference                                                 ; On                      ; On                      ;
; Allow RAMs Inferred In Generate-For Loop For Verilog                            ; Off                     ; Off                     ;
; Enable formal verification support during compilation                           ; Off                     ; Off                     ;
; Size of the PR Initial Conditions Report                                        ; 100                     ; 100                     ;
; Number of Registers with Ignored Power-Up Settings Reported in Synthesis Report ; 500                     ; 500                     ;
; Report PR Initial Values as Errors                                              ; Off                     ; Off                     ;
; Fractal Synthesis                                                               ; Off                     ; Off                     ;
; Synthesis Available Resource Multiplier                                         ; 1                       ; 1                       ;
; Message Level for Unconnected Output Ports                                      ; Warning                 ; Warning                 ;
; Pack Barrelshifters into Carry Chains for Better Area                           ; Auto                    ; Auto                    ;
; Initialize Verilog enums to X                                                   ; Off                     ; Off                     ;
; Enable dynamic report                                                           ; Off                     ; Off                     ;
; Show Collapsible Rows in Ascii Report for Warning Summary Reports               ; On                      ; On                      ;
; Enable RTL Analysis Debug Mode                                                  ; Off                     ; Off                     ;
; Enable preserve for debug assignments                                           ; Off                     ; Off                     ;
+---------------------------------------------------------------------------------+-------------------------+-------------------------+


+------------------------------------------------------------------------------------------------------------------------------------------------------------------------------------------------------------------------------------------------------------------------------------------------------+
; Synthesis Source Files Read                                                                                                                                                                                                                                                                          ;
+----------------------------------+-----------------------------------------------------------------------------+------------------------------------------------------------------------------------------------------------+---------+-----------+---------------+----------------------------------+
; File Name with User-Entered Path ; File Type                                                                   ; File Name with Absolute Path                                                                               ; Library ; IP Source ; Include Files ; MD5                              ;
+----------------------------------+-----------------------------------------------------------------------------+------------------------------------------------------------------------------------------------------------+---------+-----------+---------------+----------------------------------+
; clock_divider.v                  ; User-Specified Verilog HDL File                                             ; C:/Users/tcove/OneDrive/Desktop/Projects/CovertEDA-Examples/quartus/clock_divider/.build/clock_divider.v   ;         ;           ;               ; 545100af43c9748c4b97c6e1d989a403 ;
; clock_divider.sdc                ; User-Specified SDC File (Read by the Timing Analyzer at each fitter stage)  ; C:/Users/tcove/OneDrive/Desktop/Projects/CovertEDA-Examples/quartus/clock_divider/.build/clock_divider.sdc ;         ;           ;               ; 357041f62dfce56b9b5088ad9b620c66 ;
+----------------------------------+-----------------------------------------------------------------------------+------------------------------------------------------------------------------------------------------------+---------+-----------+---------------+----------------------------------+


+--------------------------------------------------------------------------------------------+
; Synthesis Partition Summary                                                                ;
+----------------+----------------+---------+--------------+-------+-------------------------+
; Partition Name ; Hierarchy Path ; Type    ; Preservation ; Empty ; Partition Database File ;
+----------------+----------------+---------+--------------+-------+-------------------------+
; root_partition ; |              ; Default ;              ;       ;                         ;
+----------------+----------------+---------+--------------+-------+-------------------------+


+---------------------------------------------------------------------------------------------------------------------------------------------------------------------------------------------------------------+
; Partition "root_partition" Resource Utilization by Entity                                                                                                                                                     ;
+----------------------------+---------------------+---------------------------+-------------------+------------+------+--------------+--------+-----------+---------------------+---------------+--------------+
; Compilation Hierarchy Node ; Combinational ALUTs ; Dedicated Logic Registers ; Block Memory Bits ; DSP Blocks ; Pins ; Virtual Pins ; IOPLLs ; Max Depth ; Full Hierarchy Name ; Entity Name   ; Library Name ;
+----------------------------+---------------------+---------------------------+-------------------+------------+------+--------------+--------+-----------+---------------------+---------------+--------------+
; |                          ; 15 (15)             ; 18 (18)                   ; 0                 ; 0          ; 13   ; 0            ; 0 (0)  ; 3.0 (3.0) ; |                   ; clock_divider ; altera_work  ;
+----------------------------+---------------------+---------------------------+-------------------+------------+------+--------------+--------+-----------+---------------------+---------------+--------------+
Note: For table entries with two numbers listed, the numbers in parentheses indicate the number of resources of the given type used by the specific entity alone. The numbers listed outside of parentheses indicate the total resources of the given type used by the specific entity and all of its sub-entities in the hierarchy.


+------------------------------------------------------------+
; General Register Statistics for Partition "root_partition" ;
+----------------------------------------------+-------------+
; Statistic                                    ; Value       ;
+----------------------------------------------+-------------+
; Total registers                              ; 18          ;
; Number of registers using Synchronous Clear  ; 9           ;
; Number of registers using Synchronous Load   ; 0           ;
; Number of registers using Asynchronous Clear ; 18          ;
; Number of registers using Asynchronous Load  ; 0           ;
; Number of registers using Clock Enable       ; 8           ;
; Number of registers using Preset             ; 0           ;
+----------------------------------------------+-------------+


+--------------------------------------------------------------------------------------------------------------------------------------------------------------------+
; Multiplexer Restructuring Statistics (Restructuring Performed)                                                                                                     ;
+--------------------+-----------+---------------+----------------------+------------------------+------------+----------------------------+-------------------------+
; Multiplexer Inputs ; Bus Width ; Baseline Area ; Area if Restructured ; Saving if Restructured ; Registered ; Example Multiplexer Output ; Restructuring Performed ;
+--------------------+-----------+---------------+----------------------+------------------------+------------+----------------------------+-------------------------+
; 3:1                ; 8 bits    ; 16 LEs        ; 0 LEs                ; 16 LEs                 ; Yes        ; counter[0]                 ; Yes                     ;
+--------------------+-----------+---------------+----------------------+------------------------+------------+----------------------------+-------------------------+


+------------------------------------------------------------------+
; Post-Synthesis Netlist Statistics for Partition "root_partition" ;
+------------------------+-----------------------------------------+
; Type                   ; Count                                   ;
+------------------------+-----------------------------------------+
; boundary_port          ; 13                                      ;
; cyclone10gx_ff         ; 18                                      ;
;     CLR                ; 1                                       ;
;     CLR SCLR           ; 9                                       ;
;     ENA CLR            ; 8                                       ;
; cyclone10gx_lcell_comb ; 15                                      ;
;     arith              ; 8                                       ;
;         1 data inputs  ; 8                                       ;
;     normal             ; 7                                       ;
;         4 data inputs  ; 1                                       ;
;         5 data inputs  ; 1                                       ;
;         6 data inputs  ; 5                                       ;
;                        ;                                         ;
; Number of carry chains ; 1                                       ;
; Max carry chain length ; 8                                       ;
;                        ;                                         ;
; Max LUT depth          ; 3.00                                    ;
; Average LUT depth      ; 1.53                                    ;
+------------------------+-----------------------------------------+


+-----------------------------------------------------------------+
; Synthesis Resource Usage Summary for Partition "root_partition" ;
+---------------------------------------------+-------------------+
; Resource                                    ; Usage             ;
+---------------------------------------------+-------------------+
; Estimate of Logic utilization (ALMs needed) ; 13                ;
;                                             ;                   ;
; Combinational ALUT usage for logic          ; 15                ;
;     -- 7 input functions                    ; 0                 ;
;     -- 6 input functions                    ; 5                 ;
;     -- 5 input functions                    ; 1                 ;
;     -- 4 input functions                    ; 1                 ;
;     -- <=3 input functions                  ; 8                 ;
;                                             ;                   ;
; Dedicated logic registers                   ; 18                ;
;                                             ;                   ;
; I/O pins                                    ; 13                ;
;                                             ;                   ;
; Total DSP Blocks                            ; 0                 ;
;     -- [A] Total Fixed Point DSP Blocks     ; 0                 ;
;     -- [B] Total Floating Point DSP Blocks  ; 0                 ;
;                                             ;                   ;
; Maximum fan-out node                        ; clk               ;
; Maximum fan-out                             ; 18                ;
; Total fan-out                               ; 127               ;
; Average fan-out                             ; 2.76              ;
+---------------------------------------------+-------------------+


+--------------------+
; Synthesis Messages ;
+--------------------+
Info: *******************************************************************
Info: Running Quartus Prime Synthesis
    Info: Version 25.3.0 Build 109 09/24/2025 SC Pro Edition
    Info: Processing started: Fri Apr 24 13:20:09 2026
    Info: System process ID: 28012
Info: Command: quartus_syn --read_settings_files=on --write_settings_files=off clock_divider -c clock_divider --dni
Info: qis_default_flow_script.tcl version: #2
Info: Initializing Synthesis...
Info: Project = "clock_divider"
Info: Revision = "clock_divider"
Info (21958): Initialized Quartus Message Database
Info: Analyzing source files
Info: Elaborating from top-level entity "clock_divider"
Info: Found 1 design entities
Info: There are 1 partitions after elaboration.
Info: DA report generation in native DNI mode
Info (21615): Running Design Assistant Rules for snapshot 'partitioned'
Info: No waiver waived any violations
Info (22360): Design Assistant Results: 3 of 3 enabled rules passed, and 0 rules was disabled, in snapshot 'partitioned'
Info (21622): Design Assistant Results: 0 of 3 Low severity rules issued violations in snapshot 'partitioned'
Info: Synthesizing partition "root_partition"
Info (21057): Implemented 36 device resources after synthesis - the final resource count might be different
    Info (21058): Implemented 11 input pins
    Info (21059): Implemented 2 output pins
    Info (21061): Implemented 23 logic cells
Info: Successfully synthesized partition
Info: Saving post-synthesis snapshots for 1 partition(s)
Info: Quartus Prime Synthesis was successful. 0 errors, 0 warnings
    Info: Peak virtual memory: 799 megabytes
    Info: Processing ended: Fri Apr 24 13:20:18 2026
    Info: Elapsed time: 00:00:09
    Info: System process ID: 28012


