===============================================================================
                      SmartTime - Timing Analysis Report
===============================================================================

Device: MPF100T-1FCG484I
Design: adc_top
Tool Version: Libero SoC 2024.2
Date: 2026-03-21

===============================================================================
                              FMAX SUMMARY
===============================================================================

Clock Name          | Period (ns) | Frequency (MHz) | Slack (ns) | Status
------------------+-------------+-----------------+-----------+----------
sys_clk             | 5.0         | 200.0           | +1.8      | MET
spi_clk             | 5.0         | 200.0           | +2.2      | MET

===============================================================================
                         SETUP SLACK SUMMARY
===============================================================================

Clk Domain | Min Slack | Mean Slack | Max Path Delay | Num Paths
-----------+-----------+------------+----------------+----------
sys_clk    | +1.8 ns   | +3.2 ns    | 5.0 ns         | 289
spi_clk    | +2.2 ns   | +3.8 ns    | 5.0 ns         | 234

All constraints are met.

===============================================================================
                         END OF REPORT
===============================================================================
