===============================================================================
                        Utilization Report
===============================================================================

Device: MPF100T-1FCG484I
Design: adc_top

===============================================================================
                         LOGIC UTILIZATION
===============================================================================

Resource Type          | Used  | Available | Utilization (%)
-----------------------+-------+-----------+----------------
4-LUT                  |   345 |    149504 |         0.231%
Flip-Flops (DFF)       |   212 |    299008 |         0.071%
LSRAM (32Kb)           |     2 |       468 |         0.427%
Adder/Subtractor       |     2 |     74752 |         0.003%

===============================================================================
                      POWER ESTIMATES
===============================================================================

Dynamic Power (25°C):  32.1 mW
Static Power (25°C):   13.5 mW
Total Power:           45.6 mW

===============================================================================
                         END OF REPORT
===============================================================================
