
================================================================================
*                        UTILIZATION DESIGN INFORMATION
*
* Vivado v2023.2 (64-bit)
* Design: uart_top
* Device: xc7a100tcsg324-1
* Compiled on: Wed Jan 15 15:47:23 2025
*
================================================================================

1. Slice Logic
--------------

+----------------------------+------+-------+-----------+-------+
| Site Type                  | Used | Fixed | Available | Util% |
+----------------------------+------+-------+-----------+-------+
| Slice Registers            |  287 |     0 |     41440 |  0.69 |
|   as Flip Flops            |  287 |     0 |     41440 |  0.69 |
|   as Latches               |    0 |     0 |     41440 |  0.00 |
|   as Distributed RAM       |    0 |     0 |     41440 |  0.00 |
+----------------------------+------+-------+-----------+-------+
| Slice LUTs                 |  412 |     0 |     20720 |  1.99 |
|   as Logic                 |  412 |     0 |     20720 |  1.99 |
|   as Memory                |    0 |     0 |      5180 |  0.00 |
|   as SRL                   |    0 |     0 |      5180 |  0.00 |
+----------------------------+------+-------+-----------+-------+
| LUT as Logic only          |  412 |     0 |     20720 |  1.99 |
| LUT as Memory only         |    0 |     0 |      5180 |  0.00 |
+----------------------------+------+-------+-----------+-------+

2. Slice Logic Distribution
---------------------------

+------------------------------------------+------+-------+-----------+-------+
| Slice                                    | Used | Fixed | Available | Util% |
+------------------------------------------+------+-------+-----------+-------+
| Number of LUT Slices                     |  234 |     0 |     10360 |  2.26 |
| Number of Occupied Slices                |  289 |     0 |     10360 |  2.79 |
| Number of MUXes                          |   12 |     0 |     20720 |  0.06 |
| Number of Shift Registers                |    0 |     0 |      5180 |  0.00 |
+------------------------------------------+------+-------+-----------+-------+

3. Memory
---------

+----------------------------+------+-------+-----------+-------+
| Site Type                  | Used | Fixed | Available | Util% |
+----------------------------+------+-------+-----------+-------+
| Block RAM                  |    2 |     0 |       50  |  4.00 |
| FIFO18/FIFO36              |    0 |     0 |       50  |  0.00 |
+----------------------------+------+-------+-----------+-------+

4. Specific Feature Utilization
-------------------------------

+----------------------------+------+-------+-----------+-------+
| Site Type                  | Used | Fixed | Available | Util% |
+----------------------------+------+-------+-----------+-------+
| RAMB18                     |    2 |     0 |       50  |  4.00 |
| RAMB36                     |    0 |     0 |       50  |  0.00 |
+----------------------------+------+-------+-----------+-------+

5. Primitives
--------------

+----------------------------+------+-------+-----------+-------+
| Primitives                 | Used | Fixed | Available | Util% |
+----------------------------+------+-------+-----------+-------+
| FDRE                       |  287 |     0 |     41440 |  0.69 |
| LUT6                       |  234 |     0 |     20720 |  1.13 |
| LUT5                       |   98 |     0 |     20720 |  0.47 |
| LUT4                       |   56 |     0 |     20720 |  0.27 |
| LUT3                       |   18 |     0 |     20720 |  0.09 |
| LUT2                       |    6 |     0 |     20720 |  0.03 |
| CARRY4                     |    8 |     0 |      5180 |  0.15 |
+----------------------------+------+-------+-----------+-------+

6. Clock Buffers
---------------

+----------------------------+------+-------+-----------+-------+
| Clock Buffer               | Used | Fixed | Available | Util% |
+----------------------------+------+-------+-----------+-------+
| BUFGCTRL                   |    1 |     0 |        32 |  3.13 |
| BUFIO                      |    0 |     0 |        16 |  0.00 |
+----------------------------+------+-------+-----------+-------+

7. Bonded I/O
--------------

+----------------------------+------+-------+-----------+-------+
| I/O Type                   | Used | Fixed | Available | Util% |
+----------------------------+------+-------+-----------+-------+
| LVCMOS33                   |    7 |     0 |       210 |  3.33 |
+----------------------------+------+-------+-----------+-------+

End of UTILIZATION REPORT
