=== ws2812_top ===

        +----------Local Count, excluding submodules.
        | 
       70 wires
      244 wire bits
       70 public wires
      244 public wire bits
        3 ports
        3 port bits
        4 cells
        2   $scopeinfo
        2   SB_RAM40_4K
       88 submodules
        9   SB_CARRY
       23   SB_DFFE
        6   SB_DFFER
        1   SB_DFFESR
        6   SB_DFFR
       43   SB_LUT4

=== design hierarchy ===

        +----------Count including submodules.
        | 
        4 ws2812_top

        +----------Count including submodules.
        | 
       70 wires
      244 wire bits
       70 public wires
      244 public wire bits
        3 ports
        3 port bits
        - memories
        - memory bits
        - processes
        4 cells
        2   $scopeinfo
        2   SB_RAM40_4K
       88 submodules
        9   SB_CARRY
       23   SB_DFFE
        6   SB_DFFER
        1   SB_DFFESR
        6   SB_DFFR
       43   SB_LUT4

6.49. Executing CHECK pass (checking for obvious problems).
Checking module ws2812_top...
Found and reported 0 problems.

6.50. Executing JSON backend.


=== ws2812_top ===

        +----------Local Count, excluding submodules.
        | 
       70 wires
      244 wire bits
       70 public wires
      244 public wire bits
        3 ports
        3 port bits
       92 cells
        2   $scopeinfo
        9   SB_CARRY
       23   SB_DFFE
        6   SB_DFFER
        1   SB_DFFESR
        6   SB_DFFR
       43   SB_LUT4
        2   SB_RAM40_4K

Warnings: 3 unique messages, 3 total