===============================================================================
                      ACE Utilization Report
===============================================================================

Device: AC7t1500ES0
Design: noc_top
Date: 2026-03-21

===============================================================================
                    RESOURCE UTILIZATION
===============================================================================

Resource              | Used | Available | Utilization (%)
----------------------+------+-----------+----------------
LUTs                  | 4567 |    692224 |         0.659%
Registers (FFs)       | 3456 |    692224 |         0.499%
BRAM (36Kb)           |    0 |       432 |         0.000%
DSP48                 |    0 |      1728 |         0.000%
MLP                   |    0 |       192 |         0.000%

===============================================================================
                      POWER ESTIMATE
===============================================================================

Total Power: 3.4 W (at 500 MHz, 25°C)

===============================================================================
                         END OF REPORT
===============================================================================
