
================================================================================
*                         POWER SUMMARY REPORT
*
* Vivado v2023.2 (64-bit)
* Design: pwm_top
* Device: xc7z020clg400-1
*
================================================================================

1. Summary
-----------

+--------------------------+---------+
| Total On-Chip Power (W)  |  1.234  |
| Design Static Power (W)  |  1.089  |
| Design Dynamic Power (W) |  0.145  |
+--------------------------+---------+

2. Dynamic Power Summary by Clock Domains
-------------------------------------------

+---------------------------+-------+-------+-------+
| Clock Domain              | Freq  | Dyn   | Total |
|                           | (MHz) | (mW)  | (mW)  |
+---------------------------+-------+-------+-------+
| ps_clk                    | 50.0  | 98.34 |145.20 |
+---------------------------+-------+-------+-------+

3. Dynamic Power Summary by Resource Type
-------------------------------------------

+---------------------------+--------+-------+
| Resource Type             | Power  | Util% |
|                           | (mW)   |       |
+---------------------------+--------+-------+
| Slice Register            | 54.23  | 0.35  |
| Slice LUT                 | 23.45  | 0.84  |
| IOPAD                     | 12.34  | 1.60  |
| Clock                     | 34.56  | 3.13  |
| Others                    | 20.62  | ---   |
+---------------------------+--------+-------+
| Total Dynamic Power       |145.20  | ---   |
+---------------------------+--------+-------+

4. On-Chip Power Summary
------------------------

+----------------------------+-------+
| Power Domain               | Power |
|                            | (mW)  |
+----------------------------+-------+
| Vccint                     | 89.23 |
| Vccaux                     | 45.67 |
| Vccbram                    | 0.00  |
+----------------------------+-------+
| Total On-Chip Power        |1234.00|
+----------------------------+-------+

5. Thermal Summary
-------------------

+----------------------------+-------+
| Thermal Metric             | Value |
+----------------------------+-------+
| Junction Temperature (C)   | 28.5  |
| Ambient Temperature (C)    | 25.0  |
| Theta JA (C/W)             | 0.43  |
+----------------------------+-------+

6. Power Distribution
----------------------

Programmable Logic Power:
  Core (1.0V):              89.23 mW
  Auxiliary (1.8V):         45.67 mW
  DDR (1.5V):               0.00 mW
  Total PL Power:           1.234 W

Processing System Power:
  Cortex-A9:                234.56 mW
  DDR Controller:           156.78 mW
  Total PS Power:           1.456 W

End of POWER SUMMARY REPORT
