================================================================================
                      Lattice Radiant Power Analysis Report
                        uart_controller Project
================================================================================

Design: uart_top
Device: LIFCL-40-7BG400I
Date: 2026-03-21 14:36:25
Analysis Conditions: 25°C, nominal voltage

================================================================================
                         POWER SUMMARY
================================================================================

Total Estimated Power Consumption:
  Static Power (Leakage):     16.2 mW
  Dynamic Power (Switching):   8.6 mW
  ────────────────────────────────────
  Total Power:                24.8 mW

Power Margin:
  Max Rated Power: 500 mW
  Design Headroom: 475.2 mW (95.0%)
  Thermal Margin: Excellent

Junction Temperature Estimate:
  Ambient Temperature: 25°C
  Estimated Junction Temp: 27.9°C
  Max Rated Junction Temp: 85°C
  Temperature Margin: 57.1°C

================================================================================
                      POWER BREAKDOWN BY RAIL
================================================================================

1.0V Core Power Rail:
  Leakage Power:              11.4 mW
  Clock Distribution:         2.8 mW
  Logic Switching:            3.2 mW
  Sequential Elements:        0.8 mW
  ────────────────────────────────────
  Subtotal Core Power:       18.4 mW (74% of total)

3.3V I/O Power Rail:
  I/O Leakage:                3.8 mW
  I/O Switching:              1.2 mW
  Serial Drivers:             1.4 mW
  ────────────────────────────────────
  Subtotal I/O Power:         6.4 mW (26% of total)

================================================================================
                      DYNAMIC POWER ANALYSIS
================================================================================

Switching Power by Function:

  Clock Distribution:         2.8 mW
  UART RX State Machine:      2.4 mW
  UART TX State Machine:      2.1 mW
  Baud Rate Generator:        1.2 mW
  I/O Drivers (TX/RX):        1.4 mW
  Miscellaneous:              0.6 mW

Signal Activity Factors:
  clk:        1.0 (always switching at 50 MHz)
  baud_clk:   0.5 (half frequency)
  UART data:  0.1 (slow serial rate ~1 kHz)

================================================================================
                      STATIC POWER ANALYSIS
================================================================================

Leakage Power by Component:

  LUT Logic (387 LUTs):       6.8 mW
  Flip-Flops (256 DFFs):      4.2 mW
  I/O Buffers:                3.8 mW
  Interconnect Leakage:       1.4 mW

================================================================================
                      THERMAL ANALYSIS
================================================================================

Thermal Characteristics:
  Die Size: 25.2 mm²
  Package Thermal Resistance (JA): 78°C/W

Temperature Calculation (Ambient: 25°C):
  Power Dissipation:    24.8 mW = 0.0248 W
  ΔT = 0.0248 W × 78°C/W = 1.9°C
  Junction Temperature: 25°C + 1.9°C = 26.9°C
  Thermal Margin: 58.1°C

Thermal Management:
  - No heat sink required
  - Natural convection sufficient
  - Operating safely within specifications

================================================================================
End of Power Analysis Report
================================================================================
