===============================================================================
                      SmartTime - Timing Analysis Report
===============================================================================

Device: MPF200T-1FCG484I
Design: motor_top
Date: 2026-03-21

===============================================================================
                              FMAX SUMMARY
===============================================================================

Clock Name          | Period (ns) | Frequency (MHz) | Slack (ns) | Status
------------------+-------------+-----------------+-----------+----------
sys_clk             | 5.0         | 200.0           | +1.2      | MET

===============================================================================
                         SETUP SLACK SUMMARY
===============================================================================

Clk Domain | Min Slack | Mean Slack | Max Path Delay | Num Paths
-----------+-----------+------------+----------------+----------
sys_clk    | +1.2 ns   | +2.8 ns    | 5.0 ns         | 456

All constraints are met.

===============================================================================
                         END OF REPORT
===============================================================================
