===============================================================================
                        Utilization Report
===============================================================================

Device: MPF200T-1FCG484I
Design: motor_top

===============================================================================
                         LOGIC UTILIZATION
===============================================================================

Resource Type          | Used  | Available | Utilization (%)
-----------------------+-------+-----------+----------------
4-LUT                  |   567 |    224256 |         0.253%
Flip-Flops (DFF)       |   389 |    448512 |         0.087%
uSRAM (64Kb)           |     2 |       351 |         0.570%
Adder/Subtractor       |     2 |     56064 |         0.004%

===============================================================================
                      POWER ESTIMATES
===============================================================================

Dynamic Power (25°C):  56.3 mW
Static Power (25°C):   11.5 mW
Total Power:           67.8 mW

===============================================================================
                         END OF REPORT
===============================================================================
