===============================================================================
                         ACE Power Report
===============================================================================

Device: AC7t1500ES0
Design: blinky_top
Tool: Achronix ACE v2024.2
Date: 2026-03-21

===============================================================================
                      POWER SUMMARY
===============================================================================

Power Domain          | Power (W) | Percentage
----------------------+-----------+----------
Core (0.9V)          | 0.85      | 70.8%
I/O (1.8V)           | 0.35      | 29.2%
                     |           |
TOTAL                | 1.20 W    | 100%

Note: Speedster7t runs hot - comprehensive cooling required

===============================================================================
                    POWER BY COMPONENT
===============================================================================

Component             | Power (mW)
----------------------+----------
Logic & Routing       |  850
I/O Switching         |  350
Leakage              |   0 (negligible)

===============================================================================
                         END OF REPORT
===============================================================================
