===============================================================================
                      ACE Timing Analysis Report
===============================================================================

Device: AC7t1500ES0 (Speedster7t)
Design: blinky_top
Tool: Achronix ACE v2024.2
Date: 2026-03-21

===============================================================================
                         TIMING SUMMARY
===============================================================================

Clock Domain: sys_clk
  Period:        10.0 ns (100 MHz)
  Slack:         +6.0 ns (WNS)
  Max Delay:     4.0 ns
  Max Freq:      500.0 MHz

===============================================================================
                    CRITICAL PATH ANALYSIS
===============================================================================

Path Type: Setup
Start Point: counter[25]_reg
End Point: led_reg
Delay: 4.0 ns
Slack: +6.0 ns

Path Elements:
  CLK to Q (DFF):    0.35 ns
  Logic Delay:       2.10 ns
  Routing Delay:     1.20 ns
  Setup Time:        0.35 ns

===============================================================================
                      END OF REPORT
===============================================================================
