===============================================================================
                      ACE Utilization Report
===============================================================================

Device: AC7t1500ES0
Design: blinky_top
Date: 2026-03-21

===============================================================================
                    RESOURCE UTILIZATION
===============================================================================

Resource              | Used | Available | Utilization (%)
----------------------+------+-----------+----------------
LUTs                  |   89 |    692224 |         0.013%
Registers (FFs)       |   64 |    692224 |         0.009%
BRAM                  |    0 |       432 |         0.000%
DSP48                 |    0 |      1728 |         0.000%
MLP (96x64 bits)      |    0 |       192 |         0.000%

===============================================================================
                      I/O UTILIZATION
===============================================================================

GPIO Used             |    3
Total I/O Available   |  432
Utilization (%)       |  0.694%

===============================================================================
                         END OF REPORT
===============================================================================
