
            Lattice Power Calculator Report
            Design: uart_bridge
            Device: LFE5U-45F-8BG381C
            Temperature: 25°C
            Supply Voltage: 1.2V (Core), 3.3V (I/O)
            Date: 2026-03-21 14:36:48 UTC

=================================================================================
                        POWER SUMMARY
=================================================================================

Total Power Dissipation:              35.6 mW

Power Breakdown:
  Dynamic Power:                      27.2 mW (76.4%)
  Static Power:                        8.4 mW (23.6%)
  Leakage Power:                       3.2 mW


=================================================================================
                        VOLTAGE RAIL POWER
=================================================================================

Rail: VCORE (1.2V)
  Static Power:           7.2 mW
  Dynamic Power:          22.8 mW
  Total Power:            30.0 mW
  Current:               25.0 mA

Rail: VCCIO (3.3V)
  Static Power:           1.2 mW
  Dynamic Power:           4.4 mW
  Total Power:             5.6 mW
  Current:                1.7 mA

Rail: VCCAUX (3.3V)
  Static Power:           0.3 mW
  Dynamic Power:           0.8 mW
  Total Power:             1.1 mW
  Current:                0.3 mA


=================================================================================
                        COMPONENT POWER ANALYSIS
=================================================================================

Logic (Slices):
  LUT4 Power:             8.4 mW
  Flip-Flop Power:        6.2 mW
  Routing Power:          3.1 mW
  Total Logic Power:     17.7 mW

Memory (EBR):
  FIFO RX Buffer:         2.1 mW
  FIFO TX Buffer:         2.0 mW
  Scratch SRAM:           0.8 mW
  Total Memory Power:     4.9 mW

I/O Blocks:
  Input Driver Power:     1.2 mW
  Output Driver Power:    3.8 mW
  I/O Control Power:      1.4 mW
  Total I/O Power:        6.4 mW

Clock Distribution:
  Clock Tree Power:       2.1 mW
  Clock Buffer Power:     1.2 mW
  Total Clock Power:      3.3 mW

Other:
  Miscellaneous:          2.4 mW

Total Dynamic Power:     27.2 mW


=================================================================================
                        POWER BY FUNCTIONAL BLOCK
=================================================================================

UART Core:
  TX State Machine:       1.8 mW
  RX Synchronizer:        2.3 mW
  Baud Rate Generator:    1.2 mW
  Total UART Power:       5.3 mW

FIFO Controllers:
  RX FIFO (USB->UART):    2.9 mW
  TX FIFO (UART->USB):    2.8 mW
  Total FIFO Power:       5.7 mW

USB Interface Logic:
  Data Path:              3.4 mW
  Control Logic:          1.8 mW
  Total USB Power:        5.2 mW

Status LED Logic:
  Activity Counter:       0.9 mW
  LED Drivers:            1.2 mW
  Total LED Power:        2.1 mW


=================================================================================
                        THERMAL ANALYSIS
=================================================================================

Ambient Temperature:        25°C
Junction Temperature:       52.1°C
Temperature Rise:           27.1°C

Thermal Resistance (θJA):   757 °C/W
Max Safe Temperature:       100°C
Margin to Max:              47.9°C (Safe)

Power Dissipation per mm²:  0.68 mW/mm²
Package Area:               52.3 mm²


=================================================================================
                        FREQUENCY & ACTIVITY
=================================================================================

Actual Operating Frequency: 48.0 MHz
Estimated Switching Activity: 18.2%

Activity by Component:
  Logic:                  22.1%
  Memory:                 14.3%
  I/O:                    12.5%
  Clock:                  28.6%
  Routing:                16.4%


=================================================================================
                        OPERATING SCENARIOS
=================================================================================

Scenario 1: Idle (No UART/USB activity)
  Power: 12.1 mW (Static + clock tree only)

Scenario 2: RX Activity (UART RX only)
  Power: 19.8 mW (RX path + FIFO + clocking)

Scenario 3: TX Activity (UART TX only)
  Power: 21.4 mW (TX path + FIFO + clocking)

Scenario 4: Full Duplex Activity (RX+TX simultaneous)
  Power: 35.6 mW (maximum)


=================================================================================
                        POWER OPTIMIZATION RECOMMENDATIONS
=================================================================================

1. Implement clock gating for unused FIFO logic
   Estimated savings: 0.8 mW

2. Reduce I/O drive strength on non-critical outputs
   Estimated savings: 0.6 mW

3. Add low-power mode with partial clock gating
   Estimated savings: 1.2 mW

4. Optimize UART baud rate generator duty cycle
   Estimated savings: 0.4 mW

Total Potential Savings: 3.0 mW (8.4% reduction)


=================================================================================
                        OPERATING CONDITIONS
=================================================================================

Supply Voltage Variation:
  VCORE: 1.2V ± 5%  (1.14V - 1.26V)
  VCCIO: 3.3V ± 10% (2.97V - 3.63V)

Process Corner:
  TYP (Typical): 35.6 mW
  FAST: 31.2 mW (min power)
  SLOW: 40.8 mW (max power)

Temperature Variation:
  0°C:    31.4 mW
  25°C:   35.6 mW
  85°C:   48.2 mW
  125°C:  62.1 mW


=================================================================================
                        POWER BUDGET ANALYSIS
=================================================================================

Available Power Budget (typical design):    500 mW
Device Maximum Safe Power:                  450 mW
Current Design Power:                        35.6 mW
Power Headroom:                              464.4 mW

Margin for expansion:                       13x
Status: Excellent power efficiency


=================================================================================
                        CONCLUSION
=================================================================================

Power Dissipation: 35.6 mW is very good for ECP5 45F with active buffering.
Thermal Status: Cool operation with 47.9°C margin to max.
Power Budget: Significant headroom for future enhancements.

Design is suitable for production with low power consumption.
Recommended for portable or battery-backed applications.


                     End of Power Report

